Archive member included to satisfy reference by file (symbol)

C:/devkitPro/libgba/lib\libgba.a(console.o)
                              main.o (consoleDemoInit)
C:/devkitPro/libgba/lib\libgba.a(CpuSet.o)
                              C:/devkitPro/libgba/lib\libgba.a(console.o) (CpuFastSet)
C:/devkitPro/libgba/lib\libgba.a(input.o)
                              main.o (scanKeys)
C:/devkitPro/libgba/lib\libgba.a(interrupt.o)
                              main.o (irqInit)
C:/devkitPro/libgba/lib\libgba.a(InterruptDispatcher.o)
                              C:/devkitPro/libgba/lib\libgba.a(interrupt.o) (IntrMain)
C:/devkitPro/libgba/lib\libgba.a(amiga.fnt.o)
                              C:/devkitPro/libgba/lib\libgba.a(console.o) (amiga_fnt)
C:/devkitPro/devkitARM/bin/../lib/gcc/arm-none-eabi/15.2.0/thumb\libgcc.a(_sync_none.o)
                              (__sync_synchronize_none)
C:/devkitPro/devkitARM/bin/../lib/gcc/arm-none-eabi/15.2.0/../../../../arm-none-eabi/lib/thumb\libg.a(libc_a-init.o)
                              C:/devkitPro/devkitARM/bin/../lib/gcc/arm-none-eabi/15.2.0/../../../../arm-none-eabi/lib/thumb/gba_crt0.o (__libc_init_array)
C:/devkitPro/devkitARM/bin/../lib/gcc/arm-none-eabi/15.2.0/../../../../arm-none-eabi/lib/thumb\libg.a(libc_a-siscanf.o)
                              C:/devkitPro/libgba/lib\libgba.a(console.o) (siscanf)
C:/devkitPro/devkitARM/bin/../lib/gcc/arm-none-eabi/15.2.0/../../../../arm-none-eabi/lib/thumb\libg.a(libc_a-puts.o)
                              main.o (puts)
C:/devkitPro/devkitARM/bin/../lib/gcc/arm-none-eabi/15.2.0/../../../../arm-none-eabi/lib/thumb\libg.a(libc_a-printf.o)
                              main.o (printf)
C:/devkitPro/devkitARM/bin/../lib/gcc/arm-none-eabi/15.2.0/../../../../arm-none-eabi/lib/thumb\libg.a(libc_a-setvbuf.o)
                              C:/devkitPro/libgba/lib\libgba.a(console.o) (setvbuf)
C:/devkitPro/devkitARM/bin/../lib/gcc/arm-none-eabi/15.2.0/../../../../arm-none-eabi/lib/thumb\libg.a(libc_a-fvwrite.o)
                              C:/devkitPro/devkitARM/bin/../lib/gcc/arm-none-eabi/15.2.0/../../../../arm-none-eabi/lib/thumb\libg.a(libc_a-puts.o) (__sfvwrite_r)
C:/devkitPro/devkitARM/bin/../lib/gcc/arm-none-eabi/15.2.0/../../../../arm-none-eabi/lib/thumb\libg.a(libc_a-stdio.o)
                              C:/devkitPro/devkitARM/bin/../lib/gcc/arm-none-eabi/15.2.0/../../../../arm-none-eabi/lib/thumb\libg.a(libc_a-siscanf.o) (__seofread)
C:/devkitPro/devkitARM/bin/../lib/gcc/arm-none-eabi/15.2.0/../../../../arm-none-eabi/lib/thumb\libg.a(libc_a-memmove.o)
                              C:/devkitPro/devkitARM/bin/../lib/gcc/arm-none-eabi/15.2.0/../../../../arm-none-eabi/lib/thumb\libg.a(libc_a-fvwrite.o) (memmove)
C:/devkitPro/devkitARM/bin/../lib/gcc/arm-none-eabi/15.2.0/../../../../arm-none-eabi/lib/thumb\libg.a(libc_a-strlen.o)
                              C:/devkitPro/devkitARM/bin/../lib/gcc/arm-none-eabi/15.2.0/../../../../arm-none-eabi/lib/thumb\libg.a(libc_a-siscanf.o) (strlen)
C:/devkitPro/devkitARM/bin/../lib/gcc/arm-none-eabi/15.2.0/../../../../arm-none-eabi/lib/thumb\libg.a(libc_a-svfiscanf.o)
                              C:/devkitPro/devkitARM/bin/../lib/gcc/arm-none-eabi/15.2.0/../../../../arm-none-eabi/lib/thumb\libg.a(libc_a-siscanf.o) (__ssvfiscanf_r)
C:/devkitPro/devkitARM/bin/../lib/gcc/arm-none-eabi/15.2.0/../../../../arm-none-eabi/lib/thumb\libg.a(libc_a-findfp.o)
                              C:/devkitPro/devkitARM/bin/../lib/gcc/arm-none-eabi/15.2.0/../../../../arm-none-eabi/lib/thumb\libg.a(libc_a-puts.o) (__sinit)
C:/devkitPro/devkitARM/bin/../lib/gcc/arm-none-eabi/15.2.0/../../../../arm-none-eabi/lib/thumb\libg.a(libc_a-strtoul.o)
                              C:/devkitPro/devkitARM/bin/../lib/gcc/arm-none-eabi/15.2.0/../../../../arm-none-eabi/lib/thumb\libg.a(libc_a-svfiscanf.o) (_strtoul_r)
C:/devkitPro/devkitARM/bin/../lib/gcc/arm-none-eabi/15.2.0/../../../../arm-none-eabi/lib/thumb\libg.a(libc_a-fwalk.o)
                              C:/devkitPro/devkitARM/bin/../lib/gcc/arm-none-eabi/15.2.0/../../../../arm-none-eabi/lib/thumb\libg.a(libc_a-findfp.o) (_fwalk_sglue)
C:/devkitPro/devkitARM/bin/../lib/gcc/arm-none-eabi/15.2.0/../../../../arm-none-eabi/lib/thumb\libg.a(libc_a-iswspace.o)
                              C:/devkitPro/devkitARM/bin/../lib/gcc/arm-none-eabi/15.2.0/../../../../arm-none-eabi/lib/thumb\libg.a(libc_a-svfiscanf.o) (iswspace)
C:/devkitPro/devkitARM/bin/../lib/gcc/arm-none-eabi/15.2.0/../../../../arm-none-eabi/lib/thumb\libg.a(libc_a-vfprintf.o)
                              C:/devkitPro/devkitARM/bin/../lib/gcc/arm-none-eabi/15.2.0/../../../../arm-none-eabi/lib/thumb\libg.a(libc_a-printf.o) (_vfprintf_r)
C:/devkitPro/devkitARM/bin/../lib/gcc/arm-none-eabi/15.2.0/../../../../arm-none-eabi/lib/thumb\libg.a(libc_a-realloc.o)
[...]
Memory Configuration

Name             Origin             Length             Attributes
rom              0x08000000         0x02000000
iwram            0x03000000         0x00008000
ewram            0x02000000         0x00040000
*default*        0x00000000         0xffffffff

Linker script and memory map

                0x00000000                        __sync_synchronize = __sync_synchronize_none
                0x08000000                        __text_start = ORIGIN (rom)
                0x02040000                        __eheap_end = (ORIGIN (ewram) + LENGTH (ewram))
                0x03000000                        __iwram_start = ORIGIN (iwram)
                0x03008000                        __iwram_top = (ORIGIN (iwram) + LENGTH (iwram))
                0x03007fa0                        __sp_irq = (__iwram_top - 0x60)
                0x03007f00                        __sp_usr = (__sp_irq - 0xa0)
                0x03007ff8                        __irq_flags = 0x3007ff8
                0x08000000                        . = __text_start

.crt0           0x08000000      0x210
 *(.crt0)
 .crt0          0x08000000      0x210 C:/devkitPro/devkitARM/bin/../lib/gcc/arm-none-eabi/15.2.0/../../../../arm-none-eabi/lib/thumb/gba_crt0.o
                0x08000000                _start
                0x080000c4                __boot_method
                0x080000c5                __slave_number
                0x080000e0                start_vector
                0x08000210                        . = ALIGN (0x4)

.init           0x08000210        0xc
 *(SORT_NONE(.init))
 .init          0x08000210        0x4 C:/devkitPro/devkitARM/bin/../lib/gcc/arm-none-eabi/15.2.0/thumb/crti.o
                0x08000210                _init
 .init          0x08000214        0x8 C:/devkitPro/devkitARM/bin/../lib/gcc/arm-none-eabi/15.2.0/thumb/crtn.o

.plt            0x0800021c        0x0
 *(.plt)
                0x0800021c                        . = ALIGN (0x4)

.text           0x08000220     0xcda8
 *(EXCLUDE_FILE(*.iwram*) .text*)
 .text.__do_global_dtors_aux
                0x08000220       0x2c C:/devkitPro/devkitARM/bin/../lib/gcc/arm-none-eabi/15.2.0/thumb/crtbegin.o
 .text.frame_dummy
                0x0800024c       0x24 C:/devkitPro/devkitARM/bin/../lib/gcc/arm-none-eabi/15.2.0/thumb/crtbegin.o
 .text          0x08000270      0x53c main.o
                0x08000270                _Z12isBitCNTHighh
                0x08000280                _Z13isBitSTATHighh
                0x08000290                _Z10setBitHighh
                0x080002a8                _Z9setBitLowh
                0x080002bc                _Z9setJOYCNTh
                0x080002c8                _Z9setTransLt
                0x080002d4                _Z9setTransHt
                0x080002e0                _Z10setJOYSTATt
                0x080002ec                _Z15setInterruptsOnv
                0x080002fc                _Z16setInterruptsOffv
                0x0800030c                _Z13setJoybusModeb
                0x08000330                _Z21setGeneralPurposeModeb
                0x08000358                _Z8didResetb
                0x0800036c                _Z4stopv
                0x0800037c                _Z5startv
                0x0800038c                _Z14interrupt_initv
                0x08000398                _Z23configurePacketTransferv
                0x080003cc                _Z17resetComunicationv
                0x08000418                _Z14limpiarConsolav
                0x0800042c                _Z18actualizarPantallav
                0x0800044c                _Z14manejarEntradav
                0x080004ec                _Z9_onSerialv
                0x0800075c                _Z12FillListCardv
                0x08000780                _Z4initv
 .text.startup  0x080007ac       0xd8 main.o
                0x080007ac                main
 .text          0x08000884      0x4b8 C:/devkitPro/libgba/lib\libgba.a(console.o)
                0x08000884                con_read
                0x0800088c                con_close
                0x08000894                con_open
                0x080008a0                con_write
                0x08000ac4                consoleCls
                0x08000af4                upcvt_4bit
                0x08000b4c                consoleInit
                0x08000c40                consoleDemoInit
                0x08000c80                consolePrintChar
 .text          0x08000d3c        0x8 C:/devkitPro/libgba/lib\libgba.a(CpuSet.o)
                0x08000d3c                CpuSet
                0x08000d40                CpuFastSet
 .text          0x08000d44       0xc0 C:/devkitPro/libgba/lib\libgba.a(input.o)
                0x08000d44                setRepeat
                0x08000d50                scanKeys
                0x08000dc8                keysDownRepeat
                0x08000dd8                keysDown
                0x08000de8                keysUp
                0x08000df8                keysHeld
 .text          0x08000e04      0x3c4 C:/devkitPro/libgba/lib\libgba.a(interrupt.o)
                0x08000e04                dummy
                0x08000e08                InitInterrupt
                0x08000e64                irqInit
                0x08000ec0                SetInterrupt
                0x08000fa8                irqSet
                0x08001090                EnableInterrupt
                0x080010dc                irqEnable
                0x08001130                DisableInterrupt
                0x0800117c                irqDisable
 .text.__libc_init_array
                0x080011c8       0x54 C:/devkitPro/devkitARM/bin/../lib/gcc/arm-none-eabi/15.2.0/../../../../arm-none-eabi/lib/thumb\libg.a(libc_a-init.o)
                0x080011c8                __libc_init_array
 .text.siscanf  0x0800121c       0x50 C:/devkitPro/devkitARM/bin/../lib/gcc/arm-none-eabi/15.2.0/../../../../arm-none-eabi/lib/thumb\libg.a(libc_a-siscanf.o)
                0x0800121c                siscanf
 .text._puts_r  0x0800126c       0x88 C:/devkitPro/devkitARM/bin/../lib/gcc/arm-none-eabi/15.2.0/../../../../arm-none-eabi/lib/thumb\libg.a(libc_a-puts.o)
                0x0800126c                _puts_r
 .text.puts     0x080012f4       0x14 C:/devkitPro/devkitARM/bin/../lib/gcc/arm-none-eabi/15.2.0/../../../../arm-none-eabi/lib/thumb\libg.a(libc_a-puts.o)
                0x080012f4                puts
 .text.printf   0x08001308       0x28 C:/devkitPro/devkitARM/bin/../lib/gcc/arm-none-eabi/15.2.0/../../../../arm-none-eabi/lib/thumb\libg.a(libc_a-printf.o)
                0x08001308                printf
 .text.setvbuf  0x08001330      0x1ac C:/devkitPro/devkitARM/bin/../lib/gcc/arm-none-eabi/15.2.0/../../../../arm-none-eabi/lib/thumb\libg.a(libc_a-setvbuf.o)
                0x08001330                setvbuf
 .text.__sfvwrite_r
                0x080014dc      0x31c C:/devkitPro/devkitARM/bin/../lib/gcc/arm-none-eabi/15.2.0/../../../../arm-none-eabi/lib/thumb\libg.a(libc_a-fvwrite.o)
                0x080014dc                __sfvwrite_r
 .text.__sread  0x080017f8       0x34 C:/devkitPro/devkitARM/bin/../lib/gcc/arm-none-eabi/15.2.0/../../../../arm-none-eabi/lib/thumb\libg.a(libc_a-stdio.o)
                0x080017f8                __sread
 .text.__seofread
                0x0800182c        0x4 C:/devkitPro/devkitARM/bin/../lib/gcc/arm-none-eabi/15.2.0/../../../../arm-none-eabi/lib/thumb\libg.a(libc_a-stdio.o)
                0x0800182c                __seofread
 .text.__swrite
                0x08001830       0x4c C:/devkitPro/devkitARM/bin/../lib/gcc/arm-none-eabi/15.2.0/../../../../arm-none-eabi/lib/thumb\libg.a(libc_a-stdio.o)
                0x08001830                __swrite
 .text.__sseek  0x0800187c       0x3c C:/devkitPro/devkitARM/bin/../lib/gcc/arm-none-eabi/15.2.0/../../../../arm-none-eabi/lib/thumb\libg.a(libc_a-stdio.o)
                0x0800187c                __sseek
 .text.__sclose
                0x080018b8       0x10 C:/devkitPro/devkitARM/bin/../lib/gcc/arm-none-eabi/15.2.0/../../../../arm-none-eabi/lib/thumb\libg.a(libc_a-stdio.o)
                0x080018b8                __sclose
 .text.memmove  0x080018c8       0xcc C:/devkitPro/devkitARM/bin/../lib/gcc/arm-none-eabi/15.2.0/../../../../arm-none-eabi/lib/thumb\libg.a(libc_a-memmove.o)
                0x080018c8                memmove
 .text.strlen   0x08001994       0x60 C:/devkitPro/devkitARM/bin/../lib/gcc/arm-none-eabi/15.2.0/../../../../arm-none-eabi/lib/thumb\libg.a(libc_a-strlen.o)
                0x08001994                strlen
 .text.get_arg  0x080019f4       0x3e C:/devkitPro/devkitARM/bin/../lib/gcc/arm-none-eabi/15.2.0/../../../../arm-none-eabi/lib/thumb\libg.a(libc_a-svfiscanf.o)
 .text._sungetc_r
                0x08001a32       0x7e C:/devkitPro/devkitARM/bin/../lib/gcc/arm-none-eabi/15.2.0/../../../../arm-none-eabi/lib/thumb\libg.a(libc_a-svfiscanf.o)
                0x08001a32                _sungetc_r
 .text.__ssrefill_r
                0x08001ab0       0x42 C:/devkitPro/devkitARM/bin/../lib/gcc/arm-none-eabi/15.2.0/../../../../arm-none-eabi/lib/thumb\libg.a(libc_a-svfiscanf.o)
                0x08001ab0                __ssrefill_r
 .text._sfread_r
                0x08001af2       0x88 C:/devkitPro/devkitARM/bin/../lib/gcc/arm-none-eabi/15.2.0/../../../../arm-none-eabi/lib/thumb\libg.a(libc_a-svfiscanf.o)
                0x08001af2                _sfread_r
 *fill*         0x08001b7a        0x2 ff
 .text.__ssvfiscanf_r
                0x08001b7c     0x1984 C:/devkitPro/devkitARM/bin/../lib/gcc/arm-none-eabi/15.2.0/../../../../arm-none-eabi/lib/thumb\libg.a(libc_a-svfiscanf.o)
                0x08001b7c                __ssvfiscanf_r
 .text.stdio_exit_handler
                0x08003500       0x20 C:/devkitPro/devkitARM/bin/../lib/gcc/arm-none-eabi/15.2.0/../../../../arm-none-eabi/lib/thumb\libg.a(libc_a-findfp.o)
 .text.cleanup_stdio
                0x08003520       0x40 C:/devkitPro/devkitARM/bin/../lib/gcc/arm-none-eabi/15.2.0/../../../../arm-none-eabi/lib/thumb\libg.a(libc_a-findfp.o)
 .text.global_stdio_init.part.0
                0x08003560      0x120 C:/devkitPro/devkitARM/bin/../lib/gcc/arm-none-eabi/15.2.0/../../../../arm-none-eabi/lib/thumb\libg.a(libc_a-findfp.o)
 .text.__sinit  0x08003680       0x3c C:/devkitPro/devkitARM/bin/../lib/gcc/arm-none-eabi/15.2.0/../../../../arm-none-eabi/lib/thumb\libg.a(libc_a-findfp.o)
                0x08003680                __sinit
 .text.__sfp_lock_acquire
                0x080036bc       0x14 C:/devkitPro/devkitARM/bin/../lib/gcc/arm-none-eabi/15.2.0/../../../../arm-none-eabi/lib/thumb\libg.a(libc_a-findfp.o)
                0x080036bc                __sfp_lock_acquire
 .text.__sfp_lock_release
                0x080036d0       0x14 C:/devkitPro/devkitARM/bin/../lib/gcc/arm-none-eabi/15.2.0/../../../../arm-none-eabi/lib/thumb\libg.a(libc_a-findfp.o)
                0x080036d0                __sfp_lock_release
 .text._strtoul_l.isra.0
                0x080036e4      0x150 C:/devkitPro/devkitARM/bin/../lib/gcc/arm-none-eabi/15.2.0/../../../../arm-none-eabi/lib/thumb\libg.a(libc_a-strtoul.o)
 .text._strtoul_r
                0x08003834       0x20 C:/devkitPro/devkitARM/bin/../lib/gcc/arm-none-eabi/15.2.0/../../../../arm-none-eabi/lib/thumb\libg.a(libc_a-strtoul.o)
                0x08003834                _strtoul_r
 .text._fwalk_sglue
                0x08003854       0x4c C:/devkitPro/devkitARM/bin/../lib/gcc/arm-none-eabi/15.2.0/../../../../arm-none-eabi/lib/thumb\libg.a(libc_a-fwalk.o)
                0x08003854                _fwalk_sglue
 .text.iswspace
                0x080038a0       0x10 C:/devkitPro/devkitARM/bin/../lib/gcc/arm-none-eabi/15.2.0/../../../../arm-none-eabi/lib/thumb\libg.a(libc_a-iswspace.o)
                0x080038a0                iswspace
 .text.get_arg  0x080038b0      0x404 C:/devkitPro/devkitARM/bin/../lib/gcc/arm-none-eabi/15.2.0/../../../../arm-none-eabi/lib/thumb\libg.a(libc_a-vfprintf.o)
 .text._vfprintf_r
                0x08003cb4     0x2390 C:/devkitPro/devkitARM/bin/../lib/gcc/arm-none-eabi/15.2.0/../../../../arm-none-eabi/lib/thumb\libg.a(libc_a-vfprintf.o)
                0x08003cb4                _vfprintf_r
 .text.__sbprintf
                0x08006044       0x7c C:/devkitPro/devkitARM/bin/../lib/gcc/arm-none-eabi/15.2.0/../../../../arm-none-eabi/lib/thumb\libg.a(libc_a-vfprintf.o)
 .text.realloc  0x080060c0       0x18 C:/devkitPro/devkitARM/bin/../lib/gcc/arm-none-eabi/15.2.0/../../../../arm-none-eabi/lib/thumb\libg.a(libc_a-realloc.o)
                0x080060c0                realloc
 .text._malloc_r
                0x080060d8      0x550 C:/devkitPro/devkitARM/bin/../lib/gcc/arm-none-eabi/15.2.0/../../../../arm-none-eabi/lib/thumb\libg.a(libc_a-mallocr.o)
                0x080060d8                _malloc_r
 .text.memchr   0x08006628       0x74 C:/devkitPro/devkitARM/bin/../lib/gcc/arm-none-eabi/15.2.0/../../../../arm-none-eabi/lib/thumb\libg.a(libc_a-memchr-stub.o)
                0x08006628                memchr
 .text.quorem   0x0800669c      0x160 C:/devkitPro/devkitARM/bin/../lib/gcc/arm-none-eabi/15.2.0/../../../../arm-none-eabi/lib/thumb\libg.a(libc_a-dtoa.o)
 .text._dtoa_r  0x080067fc     0x10a0 C:/devkitPro/devkitARM/bin/../lib/gcc/arm-none-eabi/15.2.0/../../../../arm-none-eabi/lib/thumb\libg.a(libc_a-dtoa.o)
                0x080067fc                _dtoa_r
 .text._wcrtomb_r
                0x0800789c       0x84 C:/devkitPro/devkitARM/bin/../lib/gcc/arm-none-eabi/15.2.0/../../../../arm-none-eabi/lib/thumb\libg.a(libc_a-wcrtomb.o)
                0x0800789c                _wcrtomb_r
 .text._malloc_trim_r
                0x08007920       0xac C:/devkitPro/devkitARM/bin/../lib/gcc/arm-none-eabi/15.2.0/../../../../arm-none-eabi/lib/thumb\libg.a(libc_a-freer.o)
                0x08007920                _malloc_trim_r
 .text._free_r  0x080079cc      0x1d8 C:/devkitPro/devkitARM/bin/../lib/gcc/arm-none-eabi/15.2.0/../../../../arm-none-eabi/lib/thumb\libg.a(libc_a-freer.o)
                0x080079cc                _free_r
 .text._strtol_l.part.0
                0x08007ba4      0x25c C:/devkitPro/devkitARM/bin/../lib/gcc/arm-none-eabi/15.2.0/../../../../arm-none-eabi/lib/thumb\libg.a(libc_a-strtol.o)
 .text._strtol_r
                0x08007e00       0x34 C:/devkitPro/devkitARM/bin/../lib/gcc/arm-none-eabi/15.2.0/../../../../arm-none-eabi/lib/thumb\libg.a(libc_a-strtol.o)
                0x08007e00                _strtol_r
 .text.malloc   0x08007e34       0x28 C:/devkitPro/devkitARM/bin/../lib/gcc/arm-none-eabi/15.2.0/../../../../arm-none-eabi/lib/thumb\libg.a(libc_a-malloc.o)
                0x08007e34                malloc
 .text.free     0x08007e5c       0x14 C:/devkitPro/devkitARM/bin/../lib/gcc/arm-none-eabi/15.2.0/../../../../arm-none-eabi/lib/thumb\libg.a(libc_a-malloc.o)
                0x08007e5c                free
 .text.__sccl   0x08007e70       0xb0 C:/devkitPro/devkitARM/bin/../lib/gcc/arm-none-eabi/15.2.0/../../../../arm-none-eabi/lib/thumb\libg.a(libc_a-sccl.o)
                0x08007e70                __sccl
 .text.__sflush_r
                0x08007f20      0x180 C:/devkitPro/devkitARM/bin/../lib/gcc/arm-none-eabi/15.2.0/../../../../arm-none-eabi/lib/thumb\libg.a(libc_a-fflush.o)
                0x08007f20                __sflush_r
 .text._fflush_r
                0x080080a0       0x70 C:/devkitPro/devkitARM/bin/../lib/gcc/arm-none-eabi/15.2.0/../../../../arm-none-eabi/lib/thumb\libg.a(libc_a-fflush.o)
                0x080080a0                _fflush_r
 .text.__smakebuf_r
                0x08008110       0xe0 C:/devkitPro/devkitARM/bin/../lib/gcc/arm-none-eabi/15.2.0/../../../../arm-none-eabi/lib/thumb\libg.a(libc_a-makebuf.o)
                0x08008110                __smakebuf_r
 .text.__swhatbuf_r
                0x080081f0       0x5c C:/devkitPro/devkitARM/bin/../lib/gcc/arm-none-eabi/15.2.0/../../../../arm-none-eabi/lib/thumb\libg.a(libc_a-makebuf.o)
                0x080081f0                __swhatbuf_r
 .text.memset   0x0800824c       0x8c C:/devkitPro/devkitARM/bin/../lib/gcc/arm-none-eabi/15.2.0/../../../../arm-none-eabi/lib/thumb\libg.a(libc_a-memset.o)
                0x0800824c                memset
 .text._realloc_r
                0x080082d8      0x344 C:/devkitPro/devkitARM/bin/../lib/gcc/arm-none-eabi/15.2.0/../../../../arm-none-eabi/lib/thumb\libg.a(libc_a-reallocr.o)
                0x080082d8                _realloc_r
 .text.__malloc_lock
                0x0800861c       0x14 C:/devkitPro/devkitARM/bin/../lib/gcc/arm-none-eabi/15.2.0/../../../../arm-none-eabi/lib/thumb\libg.a(libc_a-mlock.o)
                0x0800861c                __malloc_lock
 .text.__malloc_unlock
                0x08008630       0x14 C:/devkitPro/devkitARM/bin/../lib/gcc/arm-none-eabi/15.2.0/../../../../arm-none-eabi/lib/thumb\libg.a(libc_a-mlock.o)
                0x08008630                __malloc_unlock
 .text.strncpy  0x08008644       0x68 C:/devkitPro/devkitARM/bin/../lib/gcc/arm-none-eabi/15.2.0/../../../../arm-none-eabi/lib/thumb\libg.a(libc_a-strncpy.o)
                0x08008644                strncpy
 .text._strtoull_l.isra.0
                0x080086ac      0x1c0 C:/devkitPro/devkitARM/bin/../lib/gcc/arm-none-eabi/15.2.0/../../../../arm-none-eabi/lib/thumb\libg.a(libc_a-strtoull.o)
 .text._strtoull_r
                0x0800886c       0x20 C:/devkitPro/devkitARM/bin/../lib/gcc/arm-none-eabi/15.2.0/../../../../arm-none-eabi/lib/thumb\libg.a(libc_a-strtoull.o)
                0x0800886c                _strtoull_r
 .text.memcpy   0x0800888c       0xb0 C:/devkitPro/devkitARM/bin/../lib/gcc/arm-none-eabi/15.2.0/../../../../arm-none-eabi/lib/thumb\libg.a(libc_a-memcpy-stub.o)
                0x0800888c                memcpy
 .text._wcsrtombs_r
                0x0800893c       0x20 C:/devkitPro/devkitARM/bin/../lib/gcc/arm-none-eabi/15.2.0/../../../../arm-none-eabi/lib/thumb\libg.a(libc_a-wcsrtombs.o)
                0x0800893c                _wcsrtombs_r
 .text._mbrtowc_r
                0x0800895c       0x98 C:/devkitPro/devkitARM/bin/../lib/gcc/arm-none-eabi/15.2.0/../../../../arm-none-eabi/lib/thumb\libg.a(libc_a-mbrtowc.o)
                0x0800895c                _mbrtowc_r
 .text.__swsetup_r
                0x080089f4       0xd4 C:/devkitPro/devkitARM/bin/../lib/gcc/arm-none-eabi/15.2.0/../../../../arm-none-eabi/lib/thumb\libg.a(libc_a-wsetup.o)
                0x080089f4                __swsetup_r
 .text.frexp    0x08008ac8       0x74 C:/devkitPro/devkitARM/bin/../lib/gcc/arm-none-eabi/15.2.0/../../../../arm-none-eabi/lib/thumb\libg.a(libm_a-s_frexp.o)
                0x08008ac8                frexp
 .text.__assert_func
                0x08008b3c       0x40 C:/devkitPro/devkitARM/bin/../lib/gcc/arm-none-eabi/15.2.0/../../../../arm-none-eabi/lib/thumb\libg.a(libc_a-assert.o)
                0x08008b3c                __assert_func
 .text.iswspace_l
                0x08008b7c       0x28 C:/devkitPro/devkitARM/bin/../lib/gcc/arm-none-eabi/15.2.0/../../../../arm-none-eabi/lib/thumb\libg.a(libc_a-iswspace_l.o)
                0x08008b7c                iswspace_l
 .text._Balloc  0x08008ba4       0x5c C:/devkitPro/devkitARM/bin/../lib/gcc/arm-none-eabi/15.2.0/../../../../arm-none-eabi/lib/thumb\libg.a(libc_a-mprec.o)
                0x08008ba4                _Balloc
 .text._Bfree   0x08008c00       0x14 C:/devkitPro/devkitARM/bin/../lib/gcc/arm-none-eabi/15.2.0/../../../../arm-none-eabi/lib/thumb\libg.a(libc_a-mprec.o)
                0x08008c00                _Bfree
 .text.__multadd
                0x08008c14       0xa8 C:/devkitPro/devkitARM/bin/../lib/gcc/arm-none-eabi/15.2.0/../../../../arm-none-eabi/lib/thumb\libg.a(libc_a-mprec.o)
                0x08008c14                __multadd
 .text.__hi0bits
                0x08008cbc       0x60 C:/devkitPro/devkitARM/bin/../lib/gcc/arm-none-eabi/15.2.0/../../../../arm-none-eabi/lib/thumb\libg.a(libc_a-mprec.o)
                0x08008cbc                __hi0bits
 .text.__lo0bits
                0x08008d1c       0x8c C:/devkitPro/devkitARM/bin/../lib/gcc/arm-none-eabi/15.2.0/../../../../arm-none-eabi/lib/thumb\libg.a(libc_a-mprec.o)
                0x08008d1c                __lo0bits
 .text.__i2b    0x08008da8       0x64 C:/devkitPro/devkitARM/bin/../lib/gcc/arm-none-eabi/15.2.0/../../../../arm-none-eabi/lib/thumb\libg.a(libc_a-mprec.o)
                0x08008da8                __i2b
 .text.__multiply
                0x08008e0c      0x1b4 C:/devkitPro/devkitARM/bin/../lib/gcc/arm-none-eabi/15.2.0/../../../../arm-none-eabi/lib/thumb\libg.a(libc_a-mprec.o)
                0x08008e0c                __multiply
 .text.__pow5mult
                0x08008fc0       0xd8 C:/devkitPro/devkitARM/bin/../lib/gcc/arm-none-eabi/15.2.0/../../../../arm-none-eabi/lib/thumb\libg.a(libc_a-mprec.o)
                0x08008fc0                __pow5mult
 .text.__lshift
                0x08009098       0xf8 C:/devkitPro/devkitARM/bin/../lib/gcc/arm-none-eabi/15.2.0/../../../../arm-none-eabi/lib/thumb\libg.a(libc_a-mprec.o)
                0x08009098                __lshift
 .text.__mcmp   0x08009190       0x50 C:/devkitPro/devkitARM/bin/../lib/gcc/arm-none-eabi/15.2.0/../../../../arm-none-eabi/lib/thumb\libg.a(libc_a-mprec.o)
                0x08009190                __mcmp
 .text.__mdiff  0x080091e0      0x1a4 C:/devkitPro/devkitARM/bin/../lib/gcc/arm-none-eabi/15.2.0/../../../../arm-none-eabi/lib/thumb\libg.a(libc_a-mprec.o)
                0x080091e0                __mdiff
 .text.__d2b    0x08009384       0xd4 C:/devkitPro/devkitARM/bin/../lib/gcc/arm-none-eabi/15.2.0/../../../../arm-none-eabi/lib/thumb\libg.a(libc_a-mprec.o)
                0x08009384                __d2b
 .text._fclose_r
                0x08009458       0xdc C:/devkitPro/devkitARM/bin/../lib/gcc/arm-none-eabi/15.2.0/../../../../arm-none-eabi/lib/thumb\libg.a(libc_a-fclose.o)
                0x08009458                _fclose_r
 .text._strtoll_l.isra.0
                0x08009534      0x300 C:/devkitPro/devkitARM/bin/../lib/gcc/arm-none-eabi/15.2.0/../../../../arm-none-eabi/lib/thumb\libg.a(libc_a-strtoll.o)
 .text._strtoll_r
                0x08009834       0x20 C:/devkitPro/devkitARM/bin/../lib/gcc/arm-none-eabi/15.2.0/../../../../arm-none-eabi/lib/thumb\libg.a(libc_a-strtoll.o)
                0x08009834                _strtoll_r
 .text.__locale_mb_cur_max
                0x08009854       0x20 C:/devkitPro/devkitARM/bin/../lib/gcc/arm-none-eabi/15.2.0/../../../../arm-none-eabi/lib/thumb\libg.a(libc_a-locale.o)
                0x08009854                __locale_mb_cur_max
 .text.__submore
                0x08009874       0x7c C:/devkitPro/devkitARM/bin/../lib/gcc/arm-none-eabi/15.2.0/../../../../arm-none-eabi/lib/thumb\libg.a(libc_a-ungetc.o)
                0x08009874                __submore
 .text.fiprintf
                0x080098f0       0x28 C:/devkitPro/devkitARM/bin/../lib/gcc/arm-none-eabi/15.2.0/../../../../arm-none-eabi/lib/thumb\libg.a(libc_a-fiprintf.o)
                0x080098f0                fiprintf
 .text._memalign_r
                0x08009918      0x118 C:/devkitPro/devkitARM/bin/../lib/gcc/arm-none-eabi/15.2.0/../../../../arm-none-eabi/lib/thumb\libg.a(libc_a-malignr.o)
                0x08009918                _memalign_r
 .text._wcsnrtombs_l
                0x08009a30      0x11c C:/devkitPro/devkitARM/bin/../lib/gcc/arm-none-eabi/15.2.0/../../../../arm-none-eabi/lib/thumb\libg.a(libc_a-wcsnrtombs.o)
                0x08009a30                _wcsnrtombs_l
 .text._wcsnrtombs_r
                0x08009b4c       0x40 C:/devkitPro/devkitARM/bin/../lib/gcc/arm-none-eabi/15.2.0/../../../../arm-none-eabi/lib/thumb\libg.a(libc_a-wcsnrtombs.o)
                0x08009b4c                _wcsnrtombs_r
 .text.__utf8_mbtowc
                0x08009b8c      0x24c C:/devkitPro/devkitARM/bin/../lib/gcc/arm-none-eabi/15.2.0/../../../../arm-none-eabi/lib/thumb\libg.a(libc_a-mbtowc_r.o)
                0x08009b8c                __utf8_mbtowc
 .text.__errno  0x08009dd8        0xc C:/devkitPro/devkitARM/bin/../lib/gcc/arm-none-eabi/15.2.0/../../../../arm-none-eabi/lib/thumb\libg.a(libc_a-errno.o)
                0x08009dd8                __errno
 .text.__sprint_r
                0x08009de4       0x24 C:/devkitPro/devkitARM/bin/../lib/gcc/arm-none-eabi/15.2.0/../../../../arm-none-eabi/lib/thumb\libg.a(libc_a-sprint_r.o)
                0x08009de4                __sprint_r
 .text.abort    0x08009e08       0x10 C:/devkitPro/devkitARM/bin/../lib/gcc/arm-none-eabi/15.2.0/../../../../arm-none-eabi/lib/thumb\libg.a(libc_a-abort.o)
                0x08009e08                abort
 .text._localeconv_r
                0x08009e18       0x1c C:/devkitPro/devkitARM/bin/../lib/gcc/arm-none-eabi/15.2.0/../../../../arm-none-eabi/lib/thumb\libg.a(libc_a-localeconv.o)
                0x08009e18                _localeconv_r
 .text._calloc_r
                0x08009e34       0xcc C:/devkitPro/devkitARM/bin/../lib/gcc/arm-none-eabi/15.2.0/../../../../arm-none-eabi/lib/thumb\libg.a(libc_a-callocr.o)
                0x08009e34                _calloc_r
 .text.category
                0x08009f00       0x5c C:/devkitPro/devkitARM/bin/../lib/gcc/arm-none-eabi/15.2.0/../../../../arm-none-eabi/lib/thumb\libg.a(libc_a-categories.o)
                0x08009f00                category
 .text.__utf8_wctomb
                0x08009f5c       0xbc C:/devkitPro/devkitARM/bin/../lib/gcc/arm-none-eabi/15.2.0/../../../../arm-none-eabi/lib/thumb\libg.a(libc_a-wctomb_r.o)
                0x08009f5c                __utf8_wctomb
 .text._raise_r
                0x0800a018       0x60 C:/devkitPro/devkitARM/bin/../lib/gcc/arm-none-eabi/15.2.0/../../../../arm-none-eabi/lib/thumb\libg.a(libc_a-signal.o)
                0x0800a018                _raise_r
 .text.raise    0x0800a078       0x14 C:/devkitPro/devkitARM/bin/../lib/gcc/arm-none-eabi/15.2.0/../../../../arm-none-eabi/lib/thumb\libg.a(libc_a-signal.o)
                0x0800a078                raise
 .text.get_arg  0x0800a08c      0x404 C:/devkitPro/devkitARM/bin/../lib/gcc/arm-none-eabi/15.2.0/../../../../arm-none-eabi/lib/thumb\libg.a(libc_a-vfiprintf.o)
 .text._vfiprintf_r
                0x0800a490     0x16d0 C:/devkitPro/devkitARM/bin/../lib/gcc/arm-none-eabi/15.2.0/../../../../arm-none-eabi/lib/thumb\libg.a(libc_a-vfiprintf.o)
                0x0800a490                _vfiprintf_r
 .text.__sbprintf
                0x0800bb60       0x7c C:/devkitPro/devkitARM/bin/../lib/gcc/arm-none-eabi/15.2.0/../../../../arm-none-eabi/lib/thumb\libg.a(libc_a-vfiprintf.o)
 .text._exit    0x0800bbdc       0x14 C:/devkitPro/devkitARM/bin/../lib/gcc/arm-none-eabi/15.2.0/../../../../arm-none-eabi/lib/thumb\libsysbase.a(libsysbase_libsysbase_a-_exit.o)
                0x0800bbdc                _exit
 .text._fstat_r
                0x0800bbf0       0x5c C:/devkitPro/devkitARM/bin/../lib/gcc/arm-none-eabi/15.2.0/../../../../arm-none-eabi/lib/thumb\libsysbase.a(libsysbase_libsysbase_a-fstat.o)
                0x0800bbf0                _fstat_r
 .text._getpid_r
                0x0800bc4c        0xc C:/devkitPro/devkitARM/bin/../lib/gcc/arm-none-eabi/15.2.0/../../../../arm-none-eabi/lib/thumb\libsysbase.a(libsysbase_libsysbase_a-getpid.o)
                0x0800bc4c                _getpid_r
 .text.__getreent
                0x0800bc58       0x20 C:/devkitPro/devkitARM/bin/../lib/gcc/arm-none-eabi/15.2.0/../../../../arm-none-eabi/lib/thumb\libsysbase.a(libsysbase_libsysbase_a-getreent.o)
                0x0800bc58                __getreent
 .text.__get_handle
                0x0800bc78       0x34 C:/devkitPro/devkitARM/bin/../lib/gcc/arm-none-eabi/15.2.0/../../../../arm-none-eabi/lib/thumb\libsysbase.a(libsysbase_libsysbase_a-handle_manager.o)
                0x0800bc78                __get_handle
 .text._close_r
                0x0800bcac       0xb0 C:/devkitPro/devkitARM/bin/../lib/gcc/arm-none-eabi/15.2.0/../../../../arm-none-eabi/lib/thumb\libsysbase.a(libsysbase_libsysbase_a-handle_manager.o)
                0x0800bcac                _close_r
 .text.null_write
                0x0800bd5c        0x4 C:/devkitPro/devkitARM/bin/../lib/gcc/arm-none-eabi/15.2.0/../../../../arm-none-eabi/lib/thumb\libsysbase.a(libsysbase_libsysbase_a-iosupport.o)
 .text._isatty_r
                0x0800bd60        0x4 C:/devkitPro/devkitARM/bin/../lib/gcc/arm-none-eabi/15.2.0/../../../../arm-none-eabi/lib/thumb\libsysbase.a(libsysbase_libsysbase_a-isatty.o)
                0x0800bd60                _isatty_r
 .text._kill_r  0x0800bd64        0xc C:/devkitPro/devkitARM/bin/../lib/gcc/arm-none-eabi/15.2.0/../../../../arm-none-eabi/lib/thumb\libsysbase.a(libsysbase_libsysbase_a-kill.o)
                0x0800bd64                _kill_r
 .text._lseek_r
                0x0800bd70       0x64 C:/devkitPro/devkitARM/bin/../lib/gcc/arm-none-eabi/15.2.0/../../../../arm-none-eabi/lib/thumb\libsysbase.a(libsysbase_libsysbase_a-lseek.o)
                0x0800bd70                _lseek_r
 .text._read_r  0x0800bdd4       0x5c C:/devkitPro/devkitARM/bin/../lib/gcc/arm-none-eabi/15.2.0/../../../../arm-none-eabi/lib/thumb\libsysbase.a(libsysbase_libsysbase_a-read.o)
                0x0800bdd4                _read_r
 .text._sbrk_r  0x0800be30       0x50 C:/devkitPro/devkitARM/bin/../lib/gcc/arm-none-eabi/15.2.0/../../../../arm-none-eabi/lib/thumb\libsysbase.a(libsysbase_libsysbase_a-sbrk.o)
                0x0800be30                _sbrk_r
 .text.__libc_lock_acquire
                0x0800be80       0x18 C:/devkitPro/devkitARM/bin/../lib/gcc/arm-none-eabi/15.2.0/../../../../arm-none-eabi/lib/thumb\libsysbase.a(libsysbase_libsysbase_a-syscall_support.o)
                0x0800be80                __libc_lock_acquire
 .text.__libc_lock_release
                0x0800be98       0x18 C:/devkitPro/devkitARM/bin/../lib/gcc/arm-none-eabi/15.2.0/../../../../arm-none-eabi/lib/thumb\libsysbase.a(libsysbase_libsysbase_a-syscall_support.o)
                0x0800be98                __libc_lock_release
 .text.__libc_lock_acquire_recursive
                0x0800beb0       0x18 C:/devkitPro/devkitARM/bin/../lib/gcc/arm-none-eabi/15.2.0/../../../../arm-none-eabi/lib/thumb\libsysbase.a(libsysbase_libsysbase_a-syscall_support.o)
                0x0800beb0                __libc_lock_acquire_recursive
 .text.__libc_lock_release_recursive
                0x0800bec8       0x18 C:/devkitPro/devkitARM/bin/../lib/gcc/arm-none-eabi/15.2.0/../../../../arm-none-eabi/lib/thumb\libsysbase.a(libsysbase_libsysbase_a-syscall_support.o)
                0x0800bec8                __libc_lock_release_recursive
 .text._write_r
                0x0800bee0       0x5c C:/devkitPro/devkitARM/bin/../lib/gcc/arm-none-eabi/15.2.0/../../../../arm-none-eabi/lib/thumb\libsysbase.a(libsysbase_libsysbase_a-write.o)
                0x0800bee0                _write_r
 .text          0x0800bf3c       0x14 C:/devkitPro/devkitARM/bin/../lib/gcc/arm-none-eabi/15.2.0/thumb\libgcc.a(_thumb1_case_uqi.o)
                0x0800bf3c                __gnu_thumb1_case_uqi
 .text          0x0800bf50       0x14 C:/devkitPro/devkitARM/bin/../lib/gcc/arm-none-eabi/15.2.0/thumb\libgcc.a(_thumb1_case_uhi.o)
                0x0800bf50                __gnu_thumb1_case_uhi
 .text          0x0800bf64      0x11c C:/devkitPro/devkitARM/bin/../lib/gcc/arm-none-eabi/15.2.0/thumb\libgcc.a(_udivsi3.o)
                0x0800bf64                __aeabi_uidiv
                0x0800bf64                __udivsi3
                0x0800c060                __aeabi_uidivmod
 .text          0x0800c080      0x150 C:/devkitPro/devkitARM/bin/../lib/gcc/arm-none-eabi/15.2.0/thumb\libgcc.a(_divsi3.o)
                0x0800c080                __divsi3
                0x0800c080                __aeabi_idiv
                0x0800c1b0                __aeabi_idivmod
 .text          0x0800c1d0        0x4 C:/devkitPro/devkitARM/bin/../lib/gcc/arm-none-eabi/15.2.0/thumb\libgcc.a(_dvmd_tls.o)
                0x0800c1d0                __aeabi_idiv0
                0x0800c1d0                __aeabi_ldiv0
 .text          0x0800c1d4      0x424 C:/devkitPro/devkitARM/bin/../lib/gcc/arm-none-eabi/15.2.0/thumb\libgcc.a(_arm_addsubdf3.o)
                0x0800c1d4                __aeabi_drsub
                0x0800c1dc                __aeabi_dsub
                0x0800c1dc                __subdf3
                0x0800c1e0                __aeabi_dadd
                0x0800c1e0                __adddf3
                0x0800c4f0                __floatunsidf
                0x0800c4f0                __aeabi_ui2d
                0x0800c514                __floatsidf
                0x0800c514                __aeabi_i2d
                0x0800c53c                __aeabi_f2d
                0x0800c53c                __extendsfdf2
                0x0800c584                __floatundidf
                0x0800c584                __aeabi_ul2d
                0x0800c598                __floatdidf
                0x0800c598                __aeabi_l2d
 .text          0x0800c5f8      0x49c C:/devkitPro/devkitARM/bin/../lib/gcc/arm-none-eabi/15.2.0/thumb\libgcc.a(_arm_muldivdf3.o)
                0x0800c5f8                __aeabi_dmul
                0x0800c5f8                __muldf3
                0x0800c888                __divdf3
                0x0800c888                __aeabi_ddiv
 .text          0x0800ca94      0x144 C:/devkitPro/devkitARM/bin/../lib/gcc/arm-none-eabi/15.2.0/thumb\libgcc.a(_arm_cmpdf2.o)
                0x0800ca94                __gtdf2
                0x0800ca94                __gedf2
                0x0800ca9c                __ltdf2
                0x0800ca9c                __ledf2
                0x0800caa4                __nedf2
                0x0800caa4                __eqdf2
                0x0800caa4                __cmpdf2
                0x0800cb2c                __aeabi_cdrcmple
                0x0800cb48                __aeabi_cdcmpeq
                0x0800cb48                __aeabi_cdcmple
                0x0800cb60                __aeabi_dcmpeq
                0x0800cb78                __aeabi_dcmplt
                0x0800cb90                __aeabi_dcmple
                0x0800cba8                __aeabi_dcmpge
                0x0800cbc0                __aeabi_dcmpgt
 .text          0x0800cbd8       0x38 C:/devkitPro/devkitARM/bin/../lib/gcc/arm-none-eabi/15.2.0/thumb\libgcc.a(_arm_unorddf2.o)
                0x0800cbd8                __unorddf2
                0x0800cbd8                __aeabi_dcmpun
 .text          0x0800cc10       0x5c C:/devkitPro/devkitARM/bin/../lib/gcc/arm-none-eabi/15.2.0/thumb\libgcc.a(_arm_fixdfsi.o)
                0x0800cc10                __aeabi_d2iz
                0x0800cc10                __fixdfsi
 .text          0x0800cc6c       0x3c C:/devkitPro/devkitARM/bin/../lib/gcc/arm-none-eabi/15.2.0/thumb\libgcc.a(_aeabi_uldivmod.o)
                0x0800cc6c                __aeabi_uldivmod
 .text.__muldi3
                0x0800cca8       0x58 C:/devkitPro/devkitARM/bin/../lib/gcc/arm-none-eabi/15.2.0/thumb\libgcc.a(_muldi3.o)
                0x0800cca8                __muldi3
                0x0800cca8                __aeabi_lmul
 .text.__udivmoddi4
                0x0800cd00      0x194 C:/devkitPro/devkitARM/bin/../lib/gcc/arm-none-eabi/15.2.0/thumb\libgcc.a(_udivmoddi4.o)
                0x0800cd00                __udivmoddi4
 .text          0x0800ce94       0x28 C:/devkitPro/devkitARM/bin/../lib/gcc/arm-none-eabi/15.2.0/thumb\libgcc.a(_clzdi2.o)
                0x0800ce94                __clzdi2
 .text          0x0800cebc       0x48 C:/devkitPro/devkitARM/bin/../lib/gcc/arm-none-eabi/15.2.0/thumb\libgcc.a(_clzsi2.o)
                0x0800cebc                __clzsi2
 *fill*         0x0800cf04        0x4 ff
 .text.__stub   0x0800cf08       0xb4 linker stubs
 *(.gnu.linkonce.t.*)
 *(.text.*personality*)
 *(.gnu.warning)
 *(.glue_7t)
 .glue_7t       0x0800cfbc        0x0 linker stubs
 *(.glue_7)
 .glue_7        0x0800cfbc        0x0 linker stubs
 *(.vfp11_veneer)
 .vfp11_veneer  0x0800cfbc        0x0 linker stubs
                0x0800cfbc                        . = ALIGN (0x4)
                0x0800cfc8                        __text_end = .

.v4_bx          0x0800cfc8        0x0
 .v4_bx         0x0800cfc8        0x0 linker stubs

.iplt           0x0800cfc8        0x0
 .iplt          0x0800cfc8        0x0 C:/devkitPro/devkitARM/bin/../lib/gcc/arm-none-eabi/15.2.0/../../../../arm-none-eabi/lib/thumb/gba_crt0.o

.fini           0x0800cfc8        0xc
 *(.fini)
 .fini          0x0800cfc8        0x4 C:/devkitPro/devkitARM/bin/../lib/gcc/arm-none-eabi/15.2.0/thumb/crti.o
                0x0800cfc8                _fini
 .fini          0x0800cfcc        0x8 C:/devkitPro/devkitARM/bin/../lib/gcc/arm-none-eabi/15.2.0/thumb/crtn.o
                0x0800cfd4                        . = ALIGN (0x4)

.rodata         0x0800cfd8     0x7404
 *(.rodata)
 .rodata        0x0800cfd8      0x400 crc32.o
                0x0800cfd8                crc32Table_4bytes
 .rodata        0x0800d3d8     0x2818 carde_data.o
                0x0800d3d8                card_list
                0x0800d43c                A005JPN
                0x0800dc2c                A004JPN
                0x0800e41c                A003JPN
                0x0800ec0c                A002JPN
                0x0800f3fc                A001JPN
                0x0800fbec                challenge_4bytes
 .rodata        0x0800fbf0      0x1d4 C:/devkitPro/libgba/lib\libgba.a(console.o)
                0x0800fcc4                dotab_stderr
                0x0800fd44                dotab_stdout
 *all.rodata*(*)
 *(.roda)
 *(.rodata.*)
 .rodata.str1.4
                0x0800fdc4      0x340 main.o
                                0x148 (size before relaxing)
 .rodata.str1.4
                0x08010104        0x0 carde_data.o
                                 0x28 (size before relaxing)
 .rodata.str1.4
                0x08010104        0x0 C:/devkitPro/libgba/lib\libgba.a(console.o)
                                 0x2c (size before relaxing)
 .rodata.amiga_fnt
                0x08010104      0x800 C:/devkitPro/libgba/lib\libgba.a(amiga.fnt.o)
                0x08010104                amiga_fnt
                0x08010904                amiga_fnt_end
 .rodata._puts_r.str1.4
                0x08010904        0x0 C:/devkitPro/devkitARM/bin/../lib/gcc/arm-none-eabi/15.2.0/../../../../arm-none-eabi/lib/thumb\libg.a(libc_a-puts.o)
                                  0x2 (size before relaxing)
 .rodata.basefix.0
                0x08010904       0x22 C:/devkitPro/devkitARM/bin/../lib/gcc/arm-none-eabi/15.2.0/../../../../arm-none-eabi/lib/thumb\libg.a(libc_a-svfiscanf.o)
 .rodata._vfprintf_r.str1.1
                0x08010926       0x3b C:/devkitPro/devkitARM/bin/../lib/gcc/arm-none-eabi/15.2.0/../../../../arm-none-eabi/lib/thumb\libg.a(libc_a-vfprintf.o)
 *fill*         0x08010961        0x3 ff
 .rodata.zeroes.0
                0x08010964       0x10 C:/devkitPro/devkitARM/bin/../lib/gcc/arm-none-eabi/15.2.0/../../../../arm-none-eabi/lib/thumb\libg.a(libc_a-vfprintf.o)
 .rodata.blanks.1
                0x08010974       0x10 C:/devkitPro/devkitARM/bin/../lib/gcc/arm-none-eabi/15.2.0/../../../../arm-none-eabi/lib/thumb\libg.a(libc_a-vfprintf.o)
 .rodata._dtoa_r.str1.4
                0x08010984        0x0 C:/devkitPro/devkitARM/bin/../lib/gcc/arm-none-eabi/15.2.0/../../../../arm-none-eabi/lib/thumb\libg.a(libc_a-dtoa.o)
                                 0x9c (size before relaxing)
 .rodata._ctype_
                0x08010984      0x101 C:/devkitPro/devkitARM/bin/../lib/gcc/arm-none-eabi/15.2.0/../../../../arm-none-eabi/lib/thumb\libg.a(libc_a-ctype_.o)
                0x08010984                _ctype_
 *fill*         0x08010a85        0x3 ff
 .rodata.__action_table
                0x08010a88       0x6c C:/devkitPro/devkitARM/bin/../lib/gcc/arm-none-eabi/15.2.0/../../../../arm-none-eabi/lib/thumb\libg.a(libc_a-svfiprintf.o)
                0x08010a88                __action_table
 .rodata.__state_table
                0x08010af4       0x6c C:/devkitPro/devkitARM/bin/../lib/gcc/arm-none-eabi/15.2.0/../../../../arm-none-eabi/lib/thumb\libg.a(libc_a-svfiprintf.o)
                0x08010af4                __state_table
 .rodata.__chclass
                0x08010b60      0x100 C:/devkitPro/devkitARM/bin/../lib/gcc/arm-none-eabi/15.2.0/../../../../arm-none-eabi/lib/thumb\libg.a(libc_a-svfiprintf.o)
                0x08010b60                __chclass
 .rodata._mbrtowc_r.str1.4
                0x08010c60        0x0 C:/devkitPro/devkitARM/bin/../lib/gcc/arm-none-eabi/15.2.0/../../../../arm-none-eabi/lib/thumb\libg.a(libc_a-mbrtowc.o)
                                  0x1 (size before relaxing)
 .rodata.__assert_func.str1.4
                0x08010c60        0x0 C:/devkitPro/devkitARM/bin/../lib/gcc/arm-none-eabi/15.2.0/../../../../arm-none-eabi/lib/thumb\libg.a(libc_a-assert.o)
                                 0x43 (size before relaxing)
 .rodata.__multadd.str1.4
                0x08010c60        0x0 C:/devkitPro/devkitARM/bin/../lib/gcc/arm-none-eabi/15.2.0/../../../../arm-none-eabi/lib/thumb\libg.a(libc_a-mprec.o)
                                 0x89 (size before relaxing)
 .rodata.p05.0  0x08010c60        0xc C:/devkitPro/devkitARM/bin/../lib/gcc/arm-none-eabi/15.2.0/../../../../arm-none-eabi/lib/thumb\libg.a(libc_a-mprec.o)
 *fill*         0x08010c6c        0x4 ff
 .rodata.__mprec_bigtens
                0x08010c70       0x28 C:/devkitPro/devkitARM/bin/../lib/gcc/arm-none-eabi/15.2.0/../../../../arm-none-eabi/lib/thumb\libg.a(libc_a-mprec.o)
                0x08010c70                __mprec_bigtens
 .rodata.__mprec_tens
                0x08010c98       0xc8 C:/devkitPro/devkitARM/bin/../lib/gcc/arm-none-eabi/15.2.0/../../../../arm-none-eabi/lib/thumb\libg.a(libc_a-mprec.o)
                0x08010c98                __mprec_tens
 .rodata.str1.4
                0x08010d60        0x0 C:/devkitPro/devkitARM/bin/../lib/gcc/arm-none-eabi/15.2.0/../../../../arm-none-eabi/lib/thumb\libg.a(libc_a-locale.o)
                                 0x4c (size before relaxing)
 .rodata.categories
                0x08010d60     0x35dc C:/devkitPro/devkitARM/bin/../lib/gcc/arm-none-eabi/15.2.0/../../../../arm-none-eabi/lib/thumb\libg.a(libc_a-categories.o)
 .rodata._vfiprintf_r.str1.1
                0x0801433c        0x0 C:/devkitPro/devkitARM/bin/../lib/gcc/arm-none-eabi/15.2.0/../../../../arm-none-eabi/lib/thumb\libg.a(libc_a-vfiprintf.o)
                                 0x29 (size before relaxing)
 .rodata.zeroes.0
                0x0801433c       0x10 C:/devkitPro/devkitARM/bin/../lib/gcc/arm-none-eabi/15.2.0/../../../../arm-none-eabi/lib/thumb\libg.a(libc_a-vfiprintf.o)
 .rodata.blanks.1
                0x0801434c       0x10 C:/devkitPro/devkitARM/bin/../lib/gcc/arm-none-eabi/15.2.0/../../../../arm-none-eabi/lib/thumb\libg.a(libc_a-vfiprintf.o)
 .rodata.AddDevice.str1.4
                0x0801435c        0x0 C:/devkitPro/devkitARM/bin/../lib/gcc/arm-none-eabi/15.2.0/../../../../arm-none-eabi/lib/thumb\libsysbase.a(libsysbase_libsysbase_a-iosupport.o)
                                  0x8 (size before relaxing)
 .rodata.dotab_stdnull
                0x0801435c       0x80 C:/devkitPro/devkitARM/bin/../lib/gcc/arm-none-eabi/15.2.0/../../../../arm-none-eabi/lib/thumb\libsysbase.a(libsysbase_libsysbase_a-iosupport.o)
                0x0801435c                dotab_stdnull
 *(.gnu.linkonce.r*)
                0x080143dc                        . = ALIGN (0x4)

.ARM.extab
 *(.ARM.extab* .gnu.linkonce.armextab.*)
                0x080143dc                        __exidx_start = .

.ARM.exidx
 *(.ARM.exidx* .gnu.linkonce.armexidx.*)
                0x080143dc                        __exidx_end = .

.ctors          0x080143dc        0x0
 *crtbegin.o(.ctors)
 *(EXCLUDE_FILE(*crtend.o) .ctors)
 *(SORT_BY_NAME(.ctors.*))
 *(.ctors)
                0x080143dc                        . = ALIGN (0x4)

.dtors          0x080143dc        0x0
 *crtbegin.o(.dtors)
 *(EXCLUDE_FILE(*crtend.o) .dtors)
 *(SORT_BY_NAME(.dtors.*))
 *(.dtors)
                0x080143dc                        . = ALIGN (0x4)

.eh_frame       0x080143dc        0x4
 *(.eh_frame)
 .eh_frame      0x080143dc        0x0 C:/devkitPro/devkitARM/bin/../lib/gcc/arm-none-eabi/15.2.0/thumb/crtbegin.o
 .eh_frame      0x080143dc        0x4 C:/devkitPro/devkitARM/bin/../lib/gcc/arm-none-eabi/15.2.0/thumb/crtend.o
                0x080143e0                        . = ALIGN (0x4)

.gcc_except_table
                0x080143e0        0x0
 *(.gcc_except_table)
                0x080143e0                        . = ALIGN (0x4)
                0x080143e0                        __iwram_lma = .

.iwram          0x03000000      0x270 load address 0x080143e0
                0x03000000                        __iwram_start__ = ABSOLUTE (.)
 *(.iwram .iwram*)
 .iwram         0x03000000      0x1a4 main.o
                0x03000000                _Z12prepare_wordv
                0x03000138                _Z15respond_quicklyv
 .iwram         0x030001a4       0xb8 C:/devkitPro/libgba/lib\libgba.a(InterruptDispatcher.o)
                0x030001a4                IntrMain
 *fill*         0x0300025c        0x4 ff
 .iwram.__stub  0x03000260       0x10 linker stubs
 *iwram.*(.text* .data*)
                0x03000270                        . = ALIGN (0x4)
                0x03000270                        __iwram_end__ = ABSOLUTE (.)
                0x08014650                        __data_lma = (__iwram_lma + SIZEOF (.iwram))

.bss            0x03000270     0x1354
                0x03000270                        __bss_start = ABSOLUTE (.)
                0x03000270                        __bss_start__ = ABSOLUTE (.)
 *(.dynbss)
 *(.gnu.linkonce.b*)
 *(.bss*)
 .bss.completed.1
                0x03000270        0x1 C:/devkitPro/devkitARM/bin/../lib/gcc/arm-none-eabi/15.2.0/thumb/crtbegin.o
 *fill*         0x03000271        0x3 
 .bss.object.0  0x03000274       0x18 C:/devkitPro/devkitARM/bin/../lib/gcc/arm-none-eabi/15.2.0/thumb/crtbegin.o
 .bss           0x0300028c     0x10d0 main.o
                0x0300028c                resetFlag
                0x0300028e                byte_card_send
                0x03000290                card_selected_size
                0x03000294                card_data
                0x03000298                card_4byte
                0x0300029c                new_mask
                0x030002a0                GC_TICK
                0x030002a4                CHALLENGE_BYTE
                0x030002a8                real_4byte
                0x030002ac                next_data_L
                0x030002b0                next_data_H
                0x030002b4                crc32_card
                0x030002b8                _JOY_RECV_LOCAL_L
                0x030002bc                _JOY_RECV_LOCAL_H
                0x030002c0                modo_tarjeta_activo
                0x030002c4                items_data_names
                0x030002d8                index_list
                0x030002dc                label_card
                0x030002e0                card_selected_index
                0x030002e4                card_selected
                0x030002e5                scan_card
                0x030002e8                items_index
                0x030002f0                basura
                0x030002f4                index_array
                0x030002f5                real_4byte_layer2
                0x030002f6                byte
                0x030002f7                trans_l_l
                0x030002f8                trans_l_h
                0x030002f9                trans_h_l
                0x030002fa                trans_h_h
                0x030002fc                mask_renewed3
                0x03000300                mask_renewed2
                0x03000304                mask_renewed
                0x03000308                last_byte
                0x0300030c                byteMask3
                0x03000310                byteMask2
                0x03000314                byteMask1
                0x03000318                card_layer1
                0x03001358                SEED_CANDIDATE
 .bss           0x0300135c       0x1c C:/devkitPro/libgba/lib\libgba.a(console.o)
 .bss           0x03001378        0xa C:/devkitPro/libgba/lib\libgba.a(input.o)
 *fill*         0x03001382        0x2 
 .bss           0x03001384       0x78 C:/devkitPro/libgba/lib\libgba.a(interrupt.o)
                0x03001384                IntrTable
 .bss.__sfp_recursive_mutex
                0x030013fc        0xc C:/devkitPro/devkitARM/bin/../lib/gcc/arm-none-eabi/15.2.0/../../../../arm-none-eabi/lib/thumb\libg.a(libc_a-findfp.o)
 *fill*         0x03001408        0x0 
 .bss.__sf      0x03001408      0x168 C:/devkitPro/devkitARM/bin/../lib/gcc/arm-none-eabi/15.2.0/../../../../arm-none-eabi/lib/thumb\libg.a(libc_a-findfp.o)
                0x03001408                __sf
 .bss.__stdio_exit_handler
                0x03001570        0x4 C:/devkitPro/devkitARM/bin/../lib/gcc/arm-none-eabi/15.2.0/../../../../arm-none-eabi/lib/thumb\libg.a(libc_a-findfp.o)
                0x03001570                __stdio_exit_handler
 .bss.__malloc_current_mallinfo
                0x03001574       0x28 C:/devkitPro/devkitARM/bin/../lib/gcc/arm-none-eabi/15.2.0/../../../../arm-none-eabi/lib/thumb\libg.a(libc_a-mallocr.o)
                0x03001574                __malloc_current_mallinfo
 .bss.__malloc_max_total_mem
                0x0300159c        0x4 C:/devkitPro/devkitARM/bin/../lib/gcc/arm-none-eabi/15.2.0/../../../../arm-none-eabi/lib/thumb\libg.a(libc_a-mallocr.o)
                0x0300159c                __malloc_max_total_mem
 .bss.__malloc_max_sbrked_mem
                0x030015a0        0x4 C:/devkitPro/devkitARM/bin/../lib/gcc/arm-none-eabi/15.2.0/../../../../arm-none-eabi/lib/thumb\libg.a(libc_a-mallocr.o)
                0x030015a0                __malloc_max_sbrked_mem
 .bss.__malloc_top_pad
                0x030015a4        0x4 C:/devkitPro/devkitARM/bin/../lib/gcc/arm-none-eabi/15.2.0/../../../../arm-none-eabi/lib/thumb\libg.a(libc_a-mallocr.o)
                0x030015a4                __malloc_top_pad
 .bss.__malloc_recursive_mutex
                0x030015a8        0xc C:/devkitPro/devkitARM/bin/../lib/gcc/arm-none-eabi/15.2.0/../../../../arm-none-eabi/lib/thumb\libg.a(libc_a-mlock.o)
 .bss.__hndl_lock
                0x030015b4        0x4 C:/devkitPro/devkitARM/bin/../lib/gcc/arm-none-eabi/15.2.0/../../../../arm-none-eabi/lib/thumb\libsysbase.a(libsysbase_libsysbase_a-handle_manager.o)
 .bss.fake_heap_start
                0x030015b8        0x4 C:/devkitPro/devkitARM/bin/../lib/gcc/arm-none-eabi/15.2.0/../../../../arm-none-eabi/lib/thumb\libsysbase.a(libsysbase_libsysbase_a-malloc_vars.o)
                0x030015b8                fake_heap_start
 .bss.fake_heap_end
                0x030015bc        0x4 C:/devkitPro/devkitARM/bin/../lib/gcc/arm-none-eabi/15.2.0/../../../../arm-none-eabi/lib/thumb\libsysbase.a(libsysbase_libsysbase_a-malloc_vars.o)
                0x030015bc                fake_heap_end
 .bss.heap_start.0
                0x030015c0        0x4 C:/devkitPro/devkitARM/bin/../lib/gcc/arm-none-eabi/15.2.0/../../../../arm-none-eabi/lib/thumb\libsysbase.a(libsysbase_libsysbase_a-sbrk.o)
 *(COMMON)
                0x030015c4                        . = ALIGN (0x4)
                0x030015c4                        __bss_end__ = ABSOLUTE (.)

.data           0x030015c4     0x1794 load address 0x08014650
                0x030015c4                        __data_start__ = ABSOLUTE (.)
 *(.data*)
 .data          0x030015c4        0xc main.o
                0x030015c4                BYTE4_CHALLENGE
                0x030015c8                MASK
                0x030015cc                GAMEID
 .data          0x030015d0        0x3 C:/devkitPro/libgba/lib\libgba.a(input.o)
 *fill*         0x030015d3        0x1 ff
 .data.__sglue  0x030015d4        0xc C:/devkitPro/devkitARM/bin/../lib/gcc/arm-none-eabi/15.2.0/../../../../arm-none-eabi/lib/thumb\libg.a(libc_a-findfp.o)
                0x030015d4                __sglue
 .data.__malloc_sbrk_base
                0x030015e0        0x4 C:/devkitPro/devkitARM/bin/../lib/gcc/arm-none-eabi/15.2.0/../../../../arm-none-eabi/lib/thumb\libg.a(libc_a-mallocr.o)
                0x030015e0                __malloc_sbrk_base
 .data.__malloc_trim_threshold
                0x030015e4        0x4 C:/devkitPro/devkitARM/bin/../lib/gcc/arm-none-eabi/15.2.0/../../../../arm-none-eabi/lib/thumb\libg.a(libc_a-mallocr.o)
                0x030015e4                __malloc_trim_threshold
 .data.__malloc_av_
                0x030015e8      0x408 C:/devkitPro/devkitARM/bin/../lib/gcc/arm-none-eabi/15.2.0/../../../../arm-none-eabi/lib/thumb\libg.a(libc_a-mallocr.o)
                0x030015e8                __malloc_av_
 .data._impure_ptr
                0x030019f0        0x4 C:/devkitPro/devkitARM/bin/../lib/gcc/arm-none-eabi/15.2.0/../../../../arm-none-eabi/lib/thumb\libg.a(libc_a-impure.o)
                0x030019f0                _impure_ptr
 *fill*         0x030019f4        0x4 ff
 .data._impure_data
                0x030019f8      0x140 C:/devkitPro/devkitARM/bin/../lib/gcc/arm-none-eabi/15.2.0/../../../../arm-none-eabi/lib/thumb\libg.a(libc_a-impure.o)
                0x030019f8                _impure_data
 .data.__global_locale
                0x03001b38      0x16c C:/devkitPro/devkitARM/bin/../lib/gcc/arm-none-eabi/15.2.0/../../../../arm-none-eabi/lib/thumb\libg.a(libc_a-locale.o)
                0x03001b38                __global_locale
 *fill*         0x03001ca4        0x4 ff
 .data.handles  0x03001ca8     0x1000 C:/devkitPro/devkitARM/bin/../lib/gcc/arm-none-eabi/15.2.0/../../../../arm-none-eabi/lib/thumb\libsysbase.a(libsysbase_libsysbase_a-handle_manager.o)
 .data.__stderr_handle
                0x03002ca8        0xc C:/devkitPro/devkitARM/bin/../lib/gcc/arm-none-eabi/15.2.0/../../../../arm-none-eabi/lib/thumb\libsysbase.a(libsysbase_libsysbase_a-handle_manager.o)
 .data.__stdout_handle
                0x03002cb4        0xc C:/devkitPro/devkitARM/bin/../lib/gcc/arm-none-eabi/15.2.0/../../../../arm-none-eabi/lib/thumb\libsysbase.a(libsysbase_libsysbase_a-handle_manager.o)
 .data.__stdin_handle
                0x03002cc0        0xc C:/devkitPro/devkitARM/bin/../lib/gcc/arm-none-eabi/15.2.0/../../../../arm-none-eabi/lib/thumb\libsysbase.a(libsysbase_libsysbase_a-handle_manager.o)
 .data.devoptab_list
                0x03002ccc       0x8c C:/devkitPro/devkitARM/bin/../lib/gcc/arm-none-eabi/15.2.0/../../../../arm-none-eabi/lib/thumb\libsysbase.a(libsysbase_libsysbase_a-iosupport.o)
                0x03002ccc                devoptab_list
 *(.gnu.linkonce.d*)
                0x03002d58                        . = ALIGN (0x4)
                0x08015de4                        __preinit_lma = (__data_lma + SIZEOF (.data))

.igot.plt       0x03002d58        0x0 load address 0x08015de4
 .igot.plt      0x03002d58        0x0 C:/devkitPro/devkitARM/bin/../lib/gcc/arm-none-eabi/15.2.0/../../../../arm-none-eabi/lib/thumb/gba_crt0.o

.preinit_array  0x03002d58        0x0 load address 0x08015de4
                0x03002d58                        __preinit_array_start = ABSOLUTE (.)
 *(.preinit_array)
                0x03002d58                        __preinit_array_end = ABSOLUTE (.)
                0x08015de4                        __init_lma = (__preinit_lma + SIZEOF (.preinit_array))

.init_array     0x03002d58        0x8 load address 0x08015de4
                0x03002d58                        __init_array_start = ABSOLUTE (.)
 *(SORT_BY_NAME(.init_array.*))
 *(.init_array)
 .init_array    0x03002d58        0x4 C:/devkitPro/devkitARM/bin/../lib/gcc/arm-none-eabi/15.2.0/thumb/crtbegin.o
 .init_array    0x03002d5c        0x4 main.o
                0x03002d60                        __init_array_end = ABSOLUTE (.)
                0x08015dec                        __fini_lma = (__init_lma + SIZEOF (.init_array))

.fini_array     0x03002d60        0x4 load address 0x08015dec
                0x03002d60                        __fini_array_start = ABSOLUTE (.)
 *(SORT_BY_NAME(.fini_array.*))
 *(.fini_array)
 .fini_array    0x03002d60        0x4 C:/devkitPro/devkitARM/bin/../lib/gcc/arm-none-eabi/15.2.0/thumb/crtbegin.o
                0x03002d64                        __fini_array_end = ABSOLUTE (.)
                0x08015df0                        __jcr_lma = (__fini_lma + SIZEOF (.fini_array))

.jcr
 *(.jcr)
                0x03002d64                        __data_end__ = ABSOLUTE (.)
                0x08015df0                        __iwram_overlay_lma = (__jcr_lma + SIZEOF (.jcr))
                0x03002d64                        __iwram_overlay_start = .

.iwram0         0x03002d64        0x0 load address 0x08015df0
 *(.iwram0)
                0x03002d64                        . = ALIGN (0x4)
                0x08015df0                        PROVIDE (__load_start_iwram0 = LOADADDR (.iwram0))
                0x08015df0                        PROVIDE (__load_stop_iwram0 = (LOADADDR (.iwram0) + SIZEOF (.iwram0)))

.iwram1         0x03002d64        0x0
 *(.iwram1)
                0x03002d64                        . = ALIGN (0x4)
                [!provide]                        PROVIDE (__load_start_iwram1 = LOADADDR (.iwram1))
                [!provide]                        PROVIDE (__load_stop_iwram1 = (LOADADDR (.iwram1) + SIZEOF (.iwram1)))

.iwram2         0x03002d64        0x0
 *(.iwram2)
                0x03002d64                        . = ALIGN (0x4)
                [!provide]                        PROVIDE (__load_start_iwram2 = LOADADDR (.iwram2))
                [!provide]                        PROVIDE (__load_stop_iwram2 = (LOADADDR (.iwram2) + SIZEOF (.iwram2)))

.iwram3         0x03002d64        0x0
 *(.iwram3)
                0x03002d64                        . = ALIGN (0x4)
                [!provide]                        PROVIDE (__load_start_iwram3 = LOADADDR (.iwram3))
                [!provide]                        PROVIDE (__load_stop_iwram3 = (LOADADDR (.iwram3) + SIZEOF (.iwram3)))

.iwram4         0x03002d64        0x0
 *(.iwram4)
                0x03002d64                        . = ALIGN (0x4)
                [!provide]                        PROVIDE (__load_start_iwram4 = LOADADDR (.iwram4))
                [!provide]                        PROVIDE (__load_stop_iwram4 = (LOADADDR (.iwram4) + SIZEOF (.iwram4)))

.iwram5         0x03002d64        0x0
 *(.iwram5)
                0x03002d64                        . = ALIGN (0x4)
                [!provide]                        PROVIDE (__load_start_iwram5 = LOADADDR (.iwram5))
                [!provide]                        PROVIDE (__load_stop_iwram5 = (LOADADDR (.iwram5) + SIZEOF (.iwram5)))

.iwram6         0x03002d64        0x0
 *(.iwram6)
                0x03002d64                        . = ALIGN (0x4)
                [!provide]                        PROVIDE (__load_start_iwram6 = LOADADDR (.iwram6))
                [!provide]                        PROVIDE (__load_stop_iwram6 = (LOADADDR (.iwram6) + SIZEOF (.iwram6)))

.iwram7         0x03002d64        0x0
 *(.iwram7)
                0x03002d64                        . = ALIGN (0x4)
                [!provide]                        PROVIDE (__load_start_iwram7 = LOADADDR (.iwram7))
                [!provide]                        PROVIDE (__load_stop_iwram7 = (LOADADDR (.iwram7) + SIZEOF (.iwram7)))

.iwram8         0x03002d64        0x0
 *(.iwram8)
                0x03002d64                        . = ALIGN (0x4)
                [!provide]                        PROVIDE (__load_start_iwram8 = LOADADDR (.iwram8))
                [!provide]                        PROVIDE (__load_stop_iwram8 = (LOADADDR (.iwram8) + SIZEOF (.iwram8)))

.iwram9         0x03002d64        0x0
 *(.iwram9)
                0x03002d64                        . = ALIGN (0x4)
                [!provide]                        PROVIDE (__load_start_iwram9 = LOADADDR (.iwram9))
                [!provide]                        PROVIDE (__load_stop_iwram9 = (LOADADDR (.iwram9) + SIZEOF (.iwram9)))
                0x03002d64                        __iwram_overlay_end = .
                0x08015df0                        __ewram_lma = (__iwram_overlay_lma + (__iwram_overlay_end - __iwram_overlay_start))
                0x03002d64                        __iheap_start = .
                0x02000000                        __ewram_start = ORIGIN (ewram)

.ewram          0x02000000        0x0 load address 0x08015df0
 *(.ewram*)
                0x02000000                        . = ALIGN (0x4)
                0x02000000                        __ewram_end = ABSOLUTE (.)
                0x08015df0                        __pad_lma = (__ewram_lma + SIZEOF (.ewram))

.sbss           0x02000000        0x0
                0x02000000                        __sbss_start__ = ABSOLUTE (.)
 *(.sbss*)
                0x02000000                        . = ALIGN (0x4)
                0x02000000                        __sbss_end__ = ABSOLUTE (.)
                0x02000000                        __end__ = ABSOLUTE (.)
                0x02000000                        __eheap_start = ABSOLUTE (.)

.pad            0x02000000        0x8 load address 0x08015df0
                0x02000000        0x4 LONG 0x52416b64
                0x02000004        0x4 LONG 0x4d
                0x02000008                        . = ALIGN (0x4)
                0x08015df8                        __rom_end__ = (__pad_lma + SIZEOF (.pad))

.rel.dyn        0x02000008        0x0 load address 0x08015df8
 .rel.iplt      0x02000008        0x0 C:/devkitPro/devkitARM/bin/../lib/gcc/arm-none-eabi/15.2.0/../../../../arm-none-eabi/lib/thumb/gba_crt0.o

.stab
 *(.stab)

.stabstr
 *(.stabstr)

.stab.excl
 *(.stab.excl)

.stab.exclstr
 *(.stab.exclstr)

.stab.index
 *(.stab.index)

.stab.indexstr
 *(.stab.indexstr)

.comment        0x00000000       0x3b
 *(.comment)
 .comment       0x00000000       0x3b C:/devkitPro/devkitARM/bin/../lib/gcc/arm-none-eabi/15.2.0/thumb/crtbegin.o
                                 0x19 (size before relaxing)
 .comment       0x0000003b        0x0 crc32.o
                                 0x19 (size before relaxing)
 .comment       0x0000003b        0x0 main.o
                                 0x19 (size before relaxing)
 .comment       0x0000003b        0x0 carde_data.o
                                 0x19 (size before relaxing)
 .comment       0x0000003b        0x0 C:/devkitPro/libgba/lib\libgba.a(console.o)
                                 0x24 (size before relaxing)
 .comment       0x0000003b        0x0 C:/devkitPro/libgba/lib\libgba.a(CpuSet.o)
                                 0x24 (size before relaxing)
 .comment       0x0000003b        0x0 C:/devkitPro/libgba/lib\libgba.a(input.o)
                                 0x24 (size before relaxing)
 .comment       0x0000003b        0x0 C:/devkitPro/libgba/lib\libgba.a(interrupt.o)
                                 0x24 (size before relaxing)
 .comment       0x0000003b        0x0 C:/devkitPro/devkitARM/bin/../lib/gcc/arm-none-eabi/15.2.0/thumb\libgcc.a(_muldi3.o)
                                 0x19 (size before relaxing)
 .comment       0x0000003b        0x0 C:/devkitPro/devkitARM/bin/../lib/gcc/arm-none-eabi/15.2.0/thumb\libgcc.a(_udivmoddi4.o)
                                 0x19 (size before relaxing)
 .comment       0x0000003b        0x0 C:/devkitPro/devkitARM/bin/../lib/gcc/arm-none-eabi/15.2.0/thumb/crtend.o
                                 0x19 (size before relaxing)

.debug
 *(.debug)

.line
 *(.line)

.debug_srcinfo
 *(.debug_srcinfo)

.debug_sfnames
 *(.debug_sfnames)

.debug_aranges  0x00000000      0x2f0
 *(.debug_aranges)
 .debug_aranges
                0x00000000       0x18 crc32.o
 .debug_aranges
                0x00000018       0x40 main.o
 .debug_aranges
                0x00000058       0x18 carde_data.o
 .debug_aranges
                0x00000070       0x20 C:/devkitPro/libgba/lib\libgba.a(console.o)
 .debug_aranges
                0x00000090       0x20 C:/devkitPro/libgba/lib\libgba.a(CpuSet.o)
 .debug_aranges
                0x000000b0       0x20 C:/devkitPro/libgba/lib\libgba.a(input.o)
 .debug_aranges
                0x000000d0       0x20 C:/devkitPro/libgba/lib\libgba.a(interrupt.o)
 .debug_aranges
                0x000000f0       0x20 C:/devkitPro/libgba/lib\libgba.a(InterruptDispatcher.o)
 .debug_aranges
                0x00000110       0x20 C:/devkitPro/devkitARM/bin/../lib/gcc/arm-none-eabi/15.2.0/thumb\libgcc.a(_thumb1_case_uqi.o)
 .debug_aranges
                0x00000130       0x20 C:/devkitPro/devkitARM/bin/../lib/gcc/arm-none-eabi/15.2.0/thumb\libgcc.a(_thumb1_case_uhi.o)
 .debug_aranges
                0x00000150       0x20 C:/devkitPro/devkitARM/bin/../lib/gcc/arm-none-eabi/15.2.0/thumb\libgcc.a(_udivsi3.o)
 .debug_aranges
                0x00000170       0x20 C:/devkitPro/devkitARM/bin/../lib/gcc/arm-none-eabi/15.2.0/thumb\libgcc.a(_divsi3.o)
 .debug_aranges
                0x00000190       0x20 C:/devkitPro/devkitARM/bin/../lib/gcc/arm-none-eabi/15.2.0/thumb\libgcc.a(_dvmd_tls.o)
 .debug_aranges
                0x000001b0       0x20 C:/devkitPro/devkitARM/bin/../lib/gcc/arm-none-eabi/15.2.0/thumb\libgcc.a(_arm_addsubdf3.o)
 .debug_aranges
                0x000001d0       0x20 C:/devkitPro/devkitARM/bin/../lib/gcc/arm-none-eabi/15.2.0/thumb\libgcc.a(_arm_muldivdf3.o)
 .debug_aranges
                0x000001f0       0x20 C:/devkitPro/devkitARM/bin/../lib/gcc/arm-none-eabi/15.2.0/thumb\libgcc.a(_arm_cmpdf2.o)
 .debug_aranges
                0x00000210       0x20 C:/devkitPro/devkitARM/bin/../lib/gcc/arm-none-eabi/15.2.0/thumb\libgcc.a(_arm_unorddf2.o)
 .debug_aranges
                0x00000230       0x20 C:/devkitPro/devkitARM/bin/../lib/gcc/arm-none-eabi/15.2.0/thumb\libgcc.a(_arm_fixdfsi.o)
 .debug_aranges
                0x00000250       0x20 C:/devkitPro/devkitARM/bin/../lib/gcc/arm-none-eabi/15.2.0/thumb\libgcc.a(_aeabi_uldivmod.o)
 .debug_aranges
                0x00000270       0x20 C:/devkitPro/devkitARM/bin/../lib/gcc/arm-none-eabi/15.2.0/thumb\libgcc.a(_muldi3.o)
 .debug_aranges
                0x00000290       0x20 C:/devkitPro/devkitARM/bin/../lib/gcc/arm-none-eabi/15.2.0/thumb\libgcc.a(_udivmoddi4.o)
 .debug_aranges
                0x000002b0       0x20 C:/devkitPro/devkitARM/bin/../lib/gcc/arm-none-eabi/15.2.0/thumb\libgcc.a(_clzdi2.o)
 .debug_aranges
                0x000002d0       0x20 C:/devkitPro/devkitARM/bin/../lib/gcc/arm-none-eabi/15.2.0/thumb\libgcc.a(_clzsi2.o)

.debug_pubnames
 *(.debug_pubnames)

.debug_info     0x00000000     0x4a59
 *(.debug_info)
 .debug_info    0x00000000       0xb6 crc32.o
 .debug_info    0x000000b6     0x18a9 main.o
 .debug_info    0x0000195f      0x1b4 carde_data.o
 .debug_info    0x00001b13     0x1b80 C:/devkitPro/libgba/lib\libgba.a(console.o)
 .debug_info    0x00003693      0x136 C:/devkitPro/libgba/lib\libgba.a(CpuSet.o)
 .debug_info    0x000037c9      0x246 C:/devkitPro/libgba/lib\libgba.a(input.o)
 .debug_info    0x00003a0f      0x418 C:/devkitPro/libgba/lib\libgba.a(interrupt.o)
 .debug_info    0x00003e27       0x25 C:/devkitPro/libgba/lib\libgba.a(InterruptDispatcher.o)
 .debug_info    0x00003e4c       0x31 C:/devkitPro/devkitARM/bin/../lib/gcc/arm-none-eabi/15.2.0/thumb\libgcc.a(_thumb1_case_uqi.o)
 .debug_info    0x00003e7d       0x31 C:/devkitPro/devkitARM/bin/../lib/gcc/arm-none-eabi/15.2.0/thumb\libgcc.a(_thumb1_case_uhi.o)
 .debug_info    0x00003eae       0x3e C:/devkitPro/devkitARM/bin/../lib/gcc/arm-none-eabi/15.2.0/thumb\libgcc.a(_udivsi3.o)
 .debug_info    0x00003eec       0x3e C:/devkitPro/devkitARM/bin/../lib/gcc/arm-none-eabi/15.2.0/thumb\libgcc.a(_divsi3.o)
 .debug_info    0x00003f2a       0x3c C:/devkitPro/devkitARM/bin/../lib/gcc/arm-none-eabi/15.2.0/thumb\libgcc.a(_dvmd_tls.o)
 .debug_info    0x00003f66       0xd3 C:/devkitPro/devkitARM/bin/../lib/gcc/arm-none-eabi/15.2.0/thumb\libgcc.a(_arm_addsubdf3.o)
 .debug_info    0x00004039       0x57 C:/devkitPro/devkitARM/bin/../lib/gcc/arm-none-eabi/15.2.0/thumb\libgcc.a(_arm_muldivdf3.o)
 .debug_info    0x00004090       0xe2 C:/devkitPro/devkitARM/bin/../lib/gcc/arm-none-eabi/15.2.0/thumb\libgcc.a(_arm_cmpdf2.o)
 .debug_info    0x00004172       0x3c C:/devkitPro/devkitARM/bin/../lib/gcc/arm-none-eabi/15.2.0/thumb\libgcc.a(_arm_unorddf2.o)
 .debug_info    0x000041ae       0x3c C:/devkitPro/devkitARM/bin/../lib/gcc/arm-none-eabi/15.2.0/thumb\libgcc.a(_arm_fixdfsi.o)
 .debug_info    0x000041ea       0x24 C:/devkitPro/devkitARM/bin/../lib/gcc/arm-none-eabi/15.2.0/thumb\libgcc.a(_aeabi_uldivmod.o)
 .debug_info    0x0000420e      0x433 C:/devkitPro/devkitARM/bin/../lib/gcc/arm-none-eabi/15.2.0/thumb\libgcc.a(_muldi3.o)
 .debug_info    0x00004641      0x3b6 C:/devkitPro/devkitARM/bin/../lib/gcc/arm-none-eabi/15.2.0/thumb\libgcc.a(_udivmoddi4.o)
 .debug_info    0x000049f7       0x31 C:/devkitPro/devkitARM/bin/../lib/gcc/arm-none-eabi/15.2.0/thumb\libgcc.a(_clzdi2.o)
 .debug_info    0x00004a28       0x31 C:/devkitPro/devkitARM/bin/../lib/gcc/arm-none-eabi/15.2.0/thumb\libgcc.a(_clzsi2.o)

.debug_abbrev   0x00000000     0x1374
 *(.debug_abbrev)
 .debug_abbrev  0x00000000       0x76 crc32.o
 .debug_abbrev  0x00000076      0x467 main.o
 .debug_abbrev  0x000004dd       0xda carde_data.o
 .debug_abbrev  0x000005b7      0x547 C:/devkitPro/libgba/lib\libgba.a(console.o)
 .debug_abbrev  0x00000afe       0xa6 C:/devkitPro/libgba/lib\libgba.a(CpuSet.o)
 .debug_abbrev  0x00000ba4      0x12d C:/devkitPro/libgba/lib\libgba.a(input.o)
 .debug_abbrev  0x00000cd1      0x21f C:/devkitPro/libgba/lib\libgba.a(interrupt.o)
 .debug_abbrev  0x00000ef0       0x14 C:/devkitPro/libgba/lib\libgba.a(InterruptDispatcher.o)
 .debug_abbrev  0x00000f04       0x28 C:/devkitPro/devkitARM/bin/../lib/gcc/arm-none-eabi/15.2.0/thumb\libgcc.a(_thumb1_case_uqi.o)
 .debug_abbrev  0x00000f2c       0x28 C:/devkitPro/devkitARM/bin/../lib/gcc/arm-none-eabi/15.2.0/thumb\libgcc.a(_thumb1_case_uhi.o)
 .debug_abbrev  0x00000f54       0x28 C:/devkitPro/devkitARM/bin/../lib/gcc/arm-none-eabi/15.2.0/thumb\libgcc.a(_udivsi3.o)
 .debug_abbrev  0x00000f7c       0x28 C:/devkitPro/devkitARM/bin/../lib/gcc/arm-none-eabi/15.2.0/thumb\libgcc.a(_divsi3.o)
 .debug_abbrev  0x00000fa4       0x26 C:/devkitPro/devkitARM/bin/../lib/gcc/arm-none-eabi/15.2.0/thumb\libgcc.a(_dvmd_tls.o)
 .debug_abbrev  0x00000fca       0x28 C:/devkitPro/devkitARM/bin/../lib/gcc/arm-none-eabi/15.2.0/thumb\libgcc.a(_arm_addsubdf3.o)
 .debug_abbrev  0x00000ff2       0x28 C:/devkitPro/devkitARM/bin/../lib/gcc/arm-none-eabi/15.2.0/thumb\libgcc.a(_arm_muldivdf3.o)
 .debug_abbrev  0x0000101a       0x28 C:/devkitPro/devkitARM/bin/../lib/gcc/arm-none-eabi/15.2.0/thumb\libgcc.a(_arm_cmpdf2.o)
 .debug_abbrev  0x00001042       0x28 C:/devkitPro/devkitARM/bin/../lib/gcc/arm-none-eabi/15.2.0/thumb\libgcc.a(_arm_unorddf2.o)
 .debug_abbrev  0x0000106a       0x28 C:/devkitPro/devkitARM/bin/../lib/gcc/arm-none-eabi/15.2.0/thumb\libgcc.a(_arm_fixdfsi.o)
 .debug_abbrev  0x00001092       0x14 C:/devkitPro/devkitARM/bin/../lib/gcc/arm-none-eabi/15.2.0/thumb\libgcc.a(_aeabi_uldivmod.o)
 .debug_abbrev  0x000010a6      0x158 C:/devkitPro/devkitARM/bin/../lib/gcc/arm-none-eabi/15.2.0/thumb\libgcc.a(_muldi3.o)
 .debug_abbrev  0x000011fe      0x126 C:/devkitPro/devkitARM/bin/../lib/gcc/arm-none-eabi/15.2.0/thumb\libgcc.a(_udivmoddi4.o)
 .debug_abbrev  0x00001324       0x28 C:/devkitPro/devkitARM/bin/../lib/gcc/arm-none-eabi/15.2.0/thumb\libgcc.a(_clzdi2.o)
 .debug_abbrev  0x0000134c       0x28 C:/devkitPro/devkitARM/bin/../lib/gcc/arm-none-eabi/15.2.0/thumb\libgcc.a(_clzsi2.o)

.debug_line     0x00000000     0x358a
 *(.debug_line)
 .debug_line    0x00000000       0xfb crc32.o
 .debug_line    0x000000fb      0xfce main.o
 .debug_line    0x000010c9      0x103 carde_data.o
 .debug_line    0x000011cc      0xbc3 C:/devkitPro/libgba/lib\libgba.a(console.o)
 .debug_line    0x00001d8f      0x17e C:/devkitPro/libgba/lib\libgba.a(CpuSet.o)
 .debug_line    0x00001f0d      0x2bf C:/devkitPro/libgba/lib\libgba.a(input.o)
 .debug_line    0x000021cc      0x950 C:/devkitPro/libgba/lib\libgba.a(interrupt.o)
 .debug_line    0x00002b1c       0x78 C:/devkitPro/libgba/lib\libgba.a(InterruptDispatcher.o)
 .debug_line    0x00002b94       0x52 C:/devkitPro/devkitARM/bin/../lib/gcc/arm-none-eabi/15.2.0/thumb\libgcc.a(_thumb1_case_uqi.o)
 .debug_line    0x00002be6       0x53 C:/devkitPro/devkitARM/bin/../lib/gcc/arm-none-eabi/15.2.0/thumb\libgcc.a(_thumb1_case_uhi.o)
 .debug_line    0x00002c39       0x67 C:/devkitPro/devkitARM/bin/../lib/gcc/arm-none-eabi/15.2.0/thumb\libgcc.a(_udivsi3.o)
 .debug_line    0x00002ca0       0x73 C:/devkitPro/devkitARM/bin/../lib/gcc/arm-none-eabi/15.2.0/thumb\libgcc.a(_divsi3.o)
 .debug_line    0x00002d13       0x4a C:/devkitPro/devkitARM/bin/../lib/gcc/arm-none-eabi/15.2.0/thumb\libgcc.a(_dvmd_tls.o)
 .debug_line    0x00002d5d      0x158 C:/devkitPro/devkitARM/bin/../lib/gcc/arm-none-eabi/15.2.0/thumb\libgcc.a(_arm_addsubdf3.o)
 .debug_line    0x00002eb5      0x167 C:/devkitPro/devkitARM/bin/../lib/gcc/arm-none-eabi/15.2.0/thumb\libgcc.a(_arm_muldivdf3.o)
 .debug_line    0x0000301c       0x9a C:/devkitPro/devkitARM/bin/../lib/gcc/arm-none-eabi/15.2.0/thumb\libgcc.a(_arm_cmpdf2.o)
 .debug_line    0x000030b6       0x57 C:/devkitPro/devkitARM/bin/../lib/gcc/arm-none-eabi/15.2.0/thumb\libgcc.a(_arm_unorddf2.o)
 .debug_line    0x0000310d       0x60 C:/devkitPro/devkitARM/bin/../lib/gcc/arm-none-eabi/15.2.0/thumb\libgcc.a(_arm_fixdfsi.o)
 .debug_line    0x0000316d       0x4e C:/devkitPro/devkitARM/bin/../lib/gcc/arm-none-eabi/15.2.0/thumb\libgcc.a(_aeabi_uldivmod.o)
 .debug_line    0x000031bb      0x13d C:/devkitPro/devkitARM/bin/../lib/gcc/arm-none-eabi/15.2.0/thumb\libgcc.a(_muldi3.o)
 .debug_line    0x000032f8      0x1e7 C:/devkitPro/devkitARM/bin/../lib/gcc/arm-none-eabi/15.2.0/thumb\libgcc.a(_udivmoddi4.o)
 .debug_line    0x000034df       0x54 C:/devkitPro/devkitARM/bin/../lib/gcc/arm-none-eabi/15.2.0/thumb\libgcc.a(_clzdi2.o)
 .debug_line    0x00003533       0x57 C:/devkitPro/devkitARM/bin/../lib/gcc/arm-none-eabi/15.2.0/thumb\libgcc.a(_clzsi2.o)

.debug_frame    0x00000000      0x774
 *(.debug_frame)
 .debug_frame   0x00000000      0x23c main.o
 .debug_frame   0x0000023c       0xf8 C:/devkitPro/libgba/lib\libgba.a(console.o)
 .debug_frame   0x00000334       0x30 C:/devkitPro/libgba/lib\libgba.a(CpuSet.o)
 .debug_frame   0x00000364       0x80 C:/devkitPro/libgba/lib\libgba.a(input.o)
 .debug_frame   0x000003e4       0xb0 C:/devkitPro/libgba/lib\libgba.a(interrupt.o)
 .debug_frame   0x00000494       0x20 C:/devkitPro/devkitARM/bin/../lib/gcc/arm-none-eabi/15.2.0/thumb\libgcc.a(_udivsi3.o)
 .debug_frame   0x000004b4       0x20 C:/devkitPro/devkitARM/bin/../lib/gcc/arm-none-eabi/15.2.0/thumb\libgcc.a(_divsi3.o)
 .debug_frame   0x000004d4       0xac C:/devkitPro/devkitARM/bin/../lib/gcc/arm-none-eabi/15.2.0/thumb\libgcc.a(_arm_addsubdf3.o)
 .debug_frame   0x00000580       0x50 C:/devkitPro/devkitARM/bin/../lib/gcc/arm-none-eabi/15.2.0/thumb\libgcc.a(_arm_muldivdf3.o)
 .debug_frame   0x000005d0       0xc4 C:/devkitPro/devkitARM/bin/../lib/gcc/arm-none-eabi/15.2.0/thumb\libgcc.a(_arm_cmpdf2.o)
 .debug_frame   0x00000694       0x20 C:/devkitPro/devkitARM/bin/../lib/gcc/arm-none-eabi/15.2.0/thumb\libgcc.a(_arm_unorddf2.o)
 .debug_frame   0x000006b4       0x24 C:/devkitPro/devkitARM/bin/../lib/gcc/arm-none-eabi/15.2.0/thumb\libgcc.a(_arm_fixdfsi.o)
 .debug_frame   0x000006d8       0x2c C:/devkitPro/devkitARM/bin/../lib/gcc/arm-none-eabi/15.2.0/thumb\libgcc.a(_aeabi_uldivmod.o)
 .debug_frame   0x00000704       0x34 C:/devkitPro/devkitARM/bin/../lib/gcc/arm-none-eabi/15.2.0/thumb\libgcc.a(_muldi3.o)
 .debug_frame   0x00000738       0x3c C:/devkitPro/devkitARM/bin/../lib/gcc/arm-none-eabi/15.2.0/thumb\libgcc.a(_udivmoddi4.o)

.debug_str      0x00000000     0x22d1
 *(.debug_str)
 .debug_str     0x00000000     0x22d1 crc32.o
                                0x1aa (size before relaxing)
 .debug_str     0x000022d1        0x0 main.o
                                0xc63 (size before relaxing)
 .debug_str     0x000022d1        0x0 carde_data.o
                                0x1ed (size before relaxing)
 .debug_str     0x000022d1        0x0 C:/devkitPro/libgba/lib\libgba.a(console.o)
                                0xbe5 (size before relaxing)
 .debug_str     0x000022d1        0x0 C:/devkitPro/libgba/lib\libgba.a(CpuSet.o)
                                0x1a9 (size before relaxing)
 .debug_str     0x000022d1        0x0 C:/devkitPro/libgba/lib\libgba.a(input.o)
                                0x236 (size before relaxing)
 .debug_str     0x000022d1        0x0 C:/devkitPro/libgba/lib\libgba.a(interrupt.o)
                                0x334 (size before relaxing)
 .debug_str     0x000022d1        0x0 C:/devkitPro/libgba/lib\libgba.a(InterruptDispatcher.o)
                                 0xba (size before relaxing)
 .debug_str     0x000022d1        0x0 C:/devkitPro/devkitARM/bin/../lib/gcc/arm-none-eabi/15.2.0/thumb\libgcc.a(_thumb1_case_uqi.o)
                                 0xf1 (size before relaxing)
 .debug_str     0x000022d1        0x0 C:/devkitPro/devkitARM/bin/../lib/gcc/arm-none-eabi/15.2.0/thumb\libgcc.a(_thumb1_case_uhi.o)
                                 0xf1 (size before relaxing)
 .debug_str     0x000022d1        0x0 C:/devkitPro/devkitARM/bin/../lib/gcc/arm-none-eabi/15.2.0/thumb\libgcc.a(_udivsi3.o)
                                 0xf6 (size before relaxing)
 .debug_str     0x000022d1        0x0 C:/devkitPro/devkitARM/bin/../lib/gcc/arm-none-eabi/15.2.0/thumb\libgcc.a(_divsi3.o)
                                 0xf4 (size before relaxing)
 .debug_str     0x000022d1        0x0 C:/devkitPro/devkitARM/bin/../lib/gcc/arm-none-eabi/15.2.0/thumb\libgcc.a(_dvmd_tls.o)
                                 0xf7 (size before relaxing)
 .debug_str     0x000022d1        0x0 C:/devkitPro/devkitARM/bin/../lib/gcc/arm-none-eabi/15.2.0/thumb\libgcc.a(_arm_addsubdf3.o)
                                0x188 (size before relaxing)
 .debug_str     0x000022d1        0x0 C:/devkitPro/devkitARM/bin/../lib/gcc/arm-none-eabi/15.2.0/thumb\libgcc.a(_arm_muldivdf3.o)
                                0x108 (size before relaxing)
 .debug_str     0x000022d1        0x0 C:/devkitPro/devkitARM/bin/../lib/gcc/arm-none-eabi/15.2.0/thumb\libgcc.a(_arm_cmpdf2.o)
                                0x191 (size before relaxing)
 .debug_str     0x000022d1        0x0 C:/devkitPro/devkitARM/bin/../lib/gcc/arm-none-eabi/15.2.0/thumb\libgcc.a(_arm_unorddf2.o)
                                 0xf6 (size before relaxing)
 .debug_str     0x000022d1        0x0 C:/devkitPro/devkitARM/bin/../lib/gcc/arm-none-eabi/15.2.0/thumb\libgcc.a(_arm_fixdfsi.o)
                                 0xf3 (size before relaxing)
 .debug_str     0x000022d1        0x0 C:/devkitPro/devkitARM/bin/../lib/gcc/arm-none-eabi/15.2.0/thumb\libgcc.a(_aeabi_uldivmod.o)
                                 0xd7 (size before relaxing)
 .debug_str     0x000022d1        0x0 C:/devkitPro/devkitARM/bin/../lib/gcc/arm-none-eabi/15.2.0/thumb\libgcc.a(_muldi3.o)
                                0x6cc (size before relaxing)
 .debug_str     0x000022d1        0x0 C:/devkitPro/devkitARM/bin/../lib/gcc/arm-none-eabi/15.2.0/thumb\libgcc.a(_udivmoddi4.o)
                                0x6a5 (size before relaxing)
 .debug_str     0x000022d1        0x0 C:/devkitPro/devkitARM/bin/../lib/gcc/arm-none-eabi/15.2.0/thumb\libgcc.a(_clzdi2.o)
                                 0xe4 (size before relaxing)
 .debug_str     0x000022d1        0x0 C:/devkitPro/devkitARM/bin/../lib/gcc/arm-none-eabi/15.2.0/thumb\libgcc.a(_clzsi2.o)
                                 0xe4 (size before relaxing)

.debug_loc
 *(.debug_loc)

.debug_macinfo
 *(.debug_macinfo)

.debug_weaknames
 *(.debug_weaknames)

.debug_funcnames
 *(.debug_funcnames)

.debug_typenames
 *(.debug_typenames)

.debug_varnames
 *(.debug_varnames)

.stack          0x00080000        0x0
                0x00080000                        _stack = .
 *(.stack)

.note.gnu.arm.ident
 *(.note.gnu.arm.ident)

.ARM.attributes
                0x00000000       0x2c
 *(.ARM.attributes)
 .ARM.attributes
                0x00000000       0x20 C:/devkitPro/devkitARM/bin/../lib/gcc/arm-none-eabi/15.2.0/../../../../arm-none-eabi/lib/thumb/gba_crt0.o
 .ARM.attributes
                0x00000020       0x1c C:/devkitPro/devkitARM/bin/../lib/gcc/arm-none-eabi/15.2.0/thumb/crti.o
 .ARM.attributes
                0x0000003c       0x2a C:/devkitPro/devkitARM/bin/../lib/gcc/arm-none-eabi/15.2.0/thumb/crtbegin.o
 .ARM.attributes
                0x00000066       0x2a crc32.o
 .ARM.attributes
                0x00000090       0x2a main.o
 .ARM.attributes
                0x000000ba       0x2a carde_data.o
 .ARM.attributes
                0x000000e4       0x2a C:/devkitPro/libgba/lib\libgba.a(console.o)
 .ARM.attributes
                0x0000010e       0x2a C:/devkitPro/libgba/lib\libgba.a(CpuSet.o)
 .ARM.attributes
                0x00000138       0x2a C:/devkitPro/libgba/lib\libgba.a(input.o)
 .ARM.attributes
                0x00000162       0x2a C:/devkitPro/libgba/lib\libgba.a(interrupt.o)
 .ARM.attributes
                0x0000018c       0x1a C:/devkitPro/libgba/lib\libgba.a(InterruptDispatcher.o)
 .ARM.attributes
                0x000001a6       0x1a C:/devkitPro/libgba/lib\libgba.a(amiga.fnt.o)
 .ARM.attributes
                0x000001c0       0x1c C:/devkitPro/devkitARM/bin/../lib/gcc/arm-none-eabi/15.2.0/thumb\libgcc.a(_sync_none.o)
 .ARM.attributes
                0x000001dc       0x2a C:/devkitPro/devkitARM/bin/../lib/gcc/arm-none-eabi/15.2.0/../../../../arm-none-eabi/lib/thumb\libg.a(libc_a-init.o)
 .ARM.attributes
                0x00000206       0x2a C:/devkitPro/devkitARM/bin/../lib/gcc/arm-none-eabi/15.2.0/../../../../arm-none-eabi/lib/thumb\libg.a(libc_a-siscanf.o)
 .ARM.attributes
                0x00000230       0x2a C:/devkitPro/devkitARM/bin/../lib/gcc/arm-none-eabi/15.2.0/../../../../arm-none-eabi/lib/thumb\libg.a(libc_a-puts.o)
 .ARM.attributes
                0x0000025a       0x2a C:/devkitPro/devkitARM/bin/../lib/gcc/arm-none-eabi/15.2.0/../../../../arm-none-eabi/lib/thumb\libg.a(libc_a-printf.o)
 .ARM.attributes
                0x00000284       0x2a C:/devkitPro/devkitARM/bin/../lib/gcc/arm-none-eabi/15.2.0/../../../../arm-none-eabi/lib/thumb\libg.a(libc_a-setvbuf.o)
 .ARM.attributes
                0x000002ae       0x2a C:/devkitPro/devkitARM/bin/../lib/gcc/arm-none-eabi/15.2.0/../../../../arm-none-eabi/lib/thumb\libg.a(libc_a-fvwrite.o)
 .ARM.attributes
                0x000002d8       0x2a C:/devkitPro/devkitARM/bin/../lib/gcc/arm-none-eabi/15.2.0/../../../../arm-none-eabi/lib/thumb\libg.a(libc_a-stdio.o)
 .ARM.attributes
                0x00000302       0x2a C:/devkitPro/devkitARM/bin/../lib/gcc/arm-none-eabi/15.2.0/../../../../arm-none-eabi/lib/thumb\libg.a(libc_a-memmove.o)
 .ARM.attributes
                0x0000032c       0x2a C:/devkitPro/devkitARM/bin/../lib/gcc/arm-none-eabi/15.2.0/../../../../arm-none-eabi/lib/thumb\libg.a(libc_a-strlen.o)
 .ARM.attributes
                0x00000356       0x2a C:/devkitPro/devkitARM/bin/../lib/gcc/arm-none-eabi/15.2.0/../../../../arm-none-eabi/lib/thumb\libg.a(libc_a-svfiscanf.o)
 .ARM.attributes
                0x00000380       0x2a C:/devkitPro/devkitARM/bin/../lib/gcc/arm-none-eabi/15.2.0/../../../../arm-none-eabi/lib/thumb\libg.a(libc_a-findfp.o)
 .ARM.attributes
                0x000003aa       0x2a C:/devkitPro/devkitARM/bin/../lib/gcc/arm-none-eabi/15.2.0/../../../../arm-none-eabi/lib/thumb\libg.a(libc_a-strtoul.o)
 .ARM.attributes
                0x000003d4       0x2a C:/devkitPro/devkitARM/bin/../lib/gcc/arm-none-eabi/15.2.0/../../../../arm-none-eabi/lib/thumb\libg.a(libc_a-fwalk.o)
 .ARM.attributes
                0x000003fe       0x2a C:/devkitPro/devkitARM/bin/../lib/gcc/arm-none-eabi/15.2.0/../../../../arm-none-eabi/lib/thumb\libg.a(libc_a-iswspace.o)
 .ARM.attributes
                0x00000428       0x2a C:/devkitPro/devkitARM/bin/../lib/gcc/arm-none-eabi/15.2.0/../../../../arm-none-eabi/lib/thumb\libg.a(libc_a-vfprintf.o)
 .ARM.attributes
                0x00000452       0x2a C:/devkitPro/devkitARM/bin/../lib/gcc/arm-none-eabi/15.2.0/../../../../arm-none-eabi/lib/thumb\libg.a(libc_a-realloc.o)
 .ARM.attributes
                0x0000047c       0x2a C:/devkitPro/devkitARM/bin/../lib/gcc/arm-none-eabi/15.2.0/../../../../arm-none-eabi/lib/thumb\libg.a(libc_a-mallocr.o)
 .ARM.attributes
                0x000004a6       0x2a C:/devkitPro/devkitARM/bin/../lib/gcc/arm-none-eabi/15.2.0/../../../../arm-none-eabi/lib/thumb\libg.a(libc_a-memchr-stub.o)
 .ARM.attributes
                0x000004d0       0x2a C:/devkitPro/devkitARM/bin/../lib/gcc/arm-none-eabi/15.2.0/../../../../arm-none-eabi/lib/thumb\libg.a(libc_a-dtoa.o)
 .ARM.attributes
                0x000004fa       0x2a C:/devkitPro/devkitARM/bin/../lib/gcc/arm-none-eabi/15.2.0/../../../../arm-none-eabi/lib/thumb\libg.a(libc_a-wcrtomb.o)
 .ARM.attributes
                0x00000524       0x2a C:/devkitPro/devkitARM/bin/../lib/gcc/arm-none-eabi/15.2.0/../../../../arm-none-eabi/lib/thumb\libg.a(libc_a-freer.o)
 .ARM.attributes
                0x0000054e       0x2a C:/devkitPro/devkitARM/bin/../lib/gcc/arm-none-eabi/15.2.0/../../../../arm-none-eabi/lib/thumb\libg.a(libc_a-strtol.o)
 .ARM.attributes
                0x00000578       0x2a C:/devkitPro/devkitARM/bin/../lib/gcc/arm-none-eabi/15.2.0/../../../../arm-none-eabi/lib/thumb\libg.a(libc_a-malloc.o)
 .ARM.attributes
                0x000005a2       0x2a C:/devkitPro/devkitARM/bin/../lib/gcc/arm-none-eabi/15.2.0/../../../../arm-none-eabi/lib/thumb\libg.a(libc_a-sccl.o)
 .ARM.attributes
                0x000005cc       0x2a C:/devkitPro/devkitARM/bin/../lib/gcc/arm-none-eabi/15.2.0/../../../../arm-none-eabi/lib/thumb\libg.a(libc_a-fflush.o)
 .ARM.attributes
                0x000005f6       0x2a C:/devkitPro/devkitARM/bin/../lib/gcc/arm-none-eabi/15.2.0/../../../../arm-none-eabi/lib/thumb\libg.a(libc_a-ctype_.o)
 .ARM.attributes
                0x00000620       0x2a C:/devkitPro/devkitARM/bin/../lib/gcc/arm-none-eabi/15.2.0/../../../../arm-none-eabi/lib/thumb\libg.a(libc_a-makebuf.o)
 .ARM.attributes
                0x0000064a       0x2a C:/devkitPro/devkitARM/bin/../lib/gcc/arm-none-eabi/15.2.0/../../../../arm-none-eabi/lib/thumb\libg.a(libc_a-memset.o)
 .ARM.attributes
                0x00000674       0x2a C:/devkitPro/devkitARM/bin/../lib/gcc/arm-none-eabi/15.2.0/../../../../arm-none-eabi/lib/thumb\libg.a(libc_a-reallocr.o)
 .ARM.attributes
                0x0000069e       0x2a C:/devkitPro/devkitARM/bin/../lib/gcc/arm-none-eabi/15.2.0/../../../../arm-none-eabi/lib/thumb\libg.a(libc_a-impure.o)
 .ARM.attributes
                0x000006c8       0x2a C:/devkitPro/devkitARM/bin/../lib/gcc/arm-none-eabi/15.2.0/../../../../arm-none-eabi/lib/thumb\libg.a(libc_a-mlock.o)
 .ARM.attributes
                0x000006f2       0x2a C:/devkitPro/devkitARM/bin/../lib/gcc/arm-none-eabi/15.2.0/../../../../arm-none-eabi/lib/thumb\libg.a(libc_a-strncpy.o)
 .ARM.attributes
                0x0000071c       0x2a C:/devkitPro/devkitARM/bin/../lib/gcc/arm-none-eabi/15.2.0/../../../../arm-none-eabi/lib/thumb\libg.a(libc_a-strtoull.o)
 .ARM.attributes
                0x00000746       0x2a C:/devkitPro/devkitARM/bin/../lib/gcc/arm-none-eabi/15.2.0/../../../../arm-none-eabi/lib/thumb\libg.a(libc_a-memcpy-stub.o)
 .ARM.attributes
                0x00000770       0x2a C:/devkitPro/devkitARM/bin/../lib/gcc/arm-none-eabi/15.2.0/../../../../arm-none-eabi/lib/thumb\libg.a(libc_a-wcsrtombs.o)
 .ARM.attributes
                0x0000079a       0x2a C:/devkitPro/devkitARM/bin/../lib/gcc/arm-none-eabi/15.2.0/../../../../arm-none-eabi/lib/thumb\libg.a(libc_a-svfiprintf.o)
 .ARM.attributes
                0x000007c4       0x2a C:/devkitPro/devkitARM/bin/../lib/gcc/arm-none-eabi/15.2.0/../../../../arm-none-eabi/lib/thumb\libg.a(libc_a-mbrtowc.o)
 .ARM.attributes
                0x000007ee       0x2a C:/devkitPro/devkitARM/bin/../lib/gcc/arm-none-eabi/15.2.0/../../../../arm-none-eabi/lib/thumb\libg.a(libc_a-wsetup.o)
 .ARM.attributes
                0x00000818       0x2a C:/devkitPro/devkitARM/bin/../lib/gcc/arm-none-eabi/15.2.0/../../../../arm-none-eabi/lib/thumb\libg.a(libm_a-s_frexp.o)
 .ARM.attributes
                0x00000842       0x2a C:/devkitPro/devkitARM/bin/../lib/gcc/arm-none-eabi/15.2.0/../../../../arm-none-eabi/lib/thumb\libg.a(libc_a-assert.o)
 .ARM.attributes
                0x0000086c       0x2a C:/devkitPro/devkitARM/bin/../lib/gcc/arm-none-eabi/15.2.0/../../../../arm-none-eabi/lib/thumb\libg.a(libc_a-iswspace_l.o)
 .ARM.attributes
                0x00000896       0x2a C:/devkitPro/devkitARM/bin/../lib/gcc/arm-none-eabi/15.2.0/../../../../arm-none-eabi/lib/thumb\libg.a(libc_a-mprec.o)
 .ARM.attributes
                0x000008c0       0x2a C:/devkitPro/devkitARM/bin/../lib/gcc/arm-none-eabi/15.2.0/../../../../arm-none-eabi/lib/thumb\libg.a(libc_a-fclose.o)
 .ARM.attributes
                0x000008ea       0x2a C:/devkitPro/devkitARM/bin/../lib/gcc/arm-none-eabi/15.2.0/../../../../arm-none-eabi/lib/thumb\libg.a(libc_a-strtoll.o)
 .ARM.attributes
                0x00000914       0x2a C:/devkitPro/devkitARM/bin/../lib/gcc/arm-none-eabi/15.2.0/../../../../arm-none-eabi/lib/thumb\libg.a(libc_a-locale.o)
 .ARM.attributes
                0x0000093e       0x2a C:/devkitPro/devkitARM/bin/../lib/gcc/arm-none-eabi/15.2.0/../../../../arm-none-eabi/lib/thumb\libg.a(libc_a-ungetc.o)
 .ARM.attributes
                0x00000968       0x2a C:/devkitPro/devkitARM/bin/../lib/gcc/arm-none-eabi/15.2.0/../../../../arm-none-eabi/lib/thumb\libg.a(libc_a-ssprint_r.o)
 .ARM.attributes
                0x00000992       0x2a C:/devkitPro/devkitARM/bin/../lib/gcc/arm-none-eabi/15.2.0/../../../../arm-none-eabi/lib/thumb\libg.a(libc_a-fiprintf.o)
 .ARM.attributes
                0x000009bc       0x2a C:/devkitPro/devkitARM/bin/../lib/gcc/arm-none-eabi/15.2.0/../../../../arm-none-eabi/lib/thumb\libg.a(libc_a-malignr.o)
 .ARM.attributes
                0x000009e6       0x2a C:/devkitPro/devkitARM/bin/../lib/gcc/arm-none-eabi/15.2.0/../../../../arm-none-eabi/lib/thumb\libg.a(libc_a-strcat.o)
 .ARM.attributes
                0x00000a10       0x2a C:/devkitPro/devkitARM/bin/../lib/gcc/arm-none-eabi/15.2.0/../../../../arm-none-eabi/lib/thumb\libg.a(libc_a-wcsnrtombs.o)
 .ARM.attributes
                0x00000a3a       0x2a C:/devkitPro/devkitARM/bin/../lib/gcc/arm-none-eabi/15.2.0/../../../../arm-none-eabi/lib/thumb\libg.a(libc_a-mbtowc_r.o)
 .ARM.attributes
                0x00000a64       0x2a C:/devkitPro/devkitARM/bin/../lib/gcc/arm-none-eabi/15.2.0/../../../../arm-none-eabi/lib/thumb\libg.a(libc_a-errno.o)
 .ARM.attributes
                0x00000a8e       0x2a C:/devkitPro/devkitARM/bin/../lib/gcc/arm-none-eabi/15.2.0/../../../../arm-none-eabi/lib/thumb\libg.a(libc_a-sprint_r.o)
 .ARM.attributes
                0x00000ab8       0x2a C:/devkitPro/devkitARM/bin/../lib/gcc/arm-none-eabi/15.2.0/../../../../arm-none-eabi/lib/thumb\libg.a(libc_a-abort.o)
 .ARM.attributes
                0x00000ae2       0x2a C:/devkitPro/devkitARM/bin/../lib/gcc/arm-none-eabi/15.2.0/../../../../arm-none-eabi/lib/thumb\libg.a(libc_a-localeconv.o)
 .ARM.attributes
                0x00000b0c       0x2a C:/devkitPro/devkitARM/bin/../lib/gcc/arm-none-eabi/15.2.0/../../../../arm-none-eabi/lib/thumb\libg.a(libc_a-callocr.o)
 .ARM.attributes
                0x00000b36       0x2a C:/devkitPro/devkitARM/bin/../lib/gcc/arm-none-eabi/15.2.0/../../../../arm-none-eabi/lib/thumb\libg.a(libc_a-strlcpy.o)
 .ARM.attributes
                0x00000b60       0x2a C:/devkitPro/devkitARM/bin/../lib/gcc/arm-none-eabi/15.2.0/../../../../arm-none-eabi/lib/thumb\libg.a(libc_a-strcasecmp.o)
 .ARM.attributes
                0x00000b8a       0x2a C:/devkitPro/devkitARM/bin/../lib/gcc/arm-none-eabi/15.2.0/../../../../arm-none-eabi/lib/thumb\libg.a(libc_a-strcpy.o)
 .ARM.attributes
                0x00000bb4       0x2a C:/devkitPro/devkitARM/bin/../lib/gcc/arm-none-eabi/15.2.0/../../../../arm-none-eabi/lib/thumb\libg.a(libc_a-categories.o)
 .ARM.attributes
                0x00000bde       0x2a C:/devkitPro/devkitARM/bin/../lib/gcc/arm-none-eabi/15.2.0/../../../../arm-none-eabi/lib/thumb\libg.a(libc_a-getenv_r.o)
 .ARM.attributes
                0x00000c08       0x2a C:/devkitPro/devkitARM/bin/../lib/gcc/arm-none-eabi/15.2.0/../../../../arm-none-eabi/lib/thumb\libg.a(libc_a-ssputs_r.o)
 .ARM.attributes
                0x00000c32       0x2a C:/devkitPro/devkitARM/bin/../lib/gcc/arm-none-eabi/15.2.0/../../../../arm-none-eabi/lib/thumb\libg.a(libc_a-strncasecmp.o)
 .ARM.attributes
                0x00000c5c       0x1a C:/devkitPro/devkitARM/bin/../lib/gcc/arm-none-eabi/15.2.0/../../../../arm-none-eabi/lib/thumb\libg.a(libc_a-strcmp.o)
 .ARM.attributes
                0x00000c76       0x2a C:/devkitPro/devkitARM/bin/../lib/gcc/arm-none-eabi/15.2.0/../../../../arm-none-eabi/lib/thumb\libg.a(libc_a-wctomb_r.o)
 .ARM.attributes
                0x00000ca0       0x2a C:/devkitPro/devkitARM/bin/../lib/gcc/arm-none-eabi/15.2.0/../../../../arm-none-eabi/lib/thumb\libg.a(libc_a-strncmp.o)
 .ARM.attributes